

================================================================
== Vivado HLS Report for 'dr2_int_cap_12_s'
================================================================
* Date:           Wed Oct  2 15:12:56 2019

* Version:        2018.2 (Build 2258646 on Thu Jun 14 20:25:20 MDT 2018)
* Project:        l1pfpuppi-ku15p-II2-360MHz
* Solution:       solution
* Product family: kintexuplus
* Target device:  xcku15p-ffva1760-2-e


================================================================
== Performance Estimates
================================================================
+ Timing (ns): 
    * Summary: 
    +--------+-------+----------+------------+
    |  Clock | Target| Estimated| Uncertainty|
    +--------+-------+----------+------------+
    |ap_clk  |   2.70|     2.533|        1.50|
    +--------+-------+----------+------------+

+ Latency (clock cycles): 
    * Summary: 
    +-----+-----+-----+-----+----------+
    |  Latency  |  Interval | Pipeline |
    | min | max | min | max |   Type   |
    +-----+-----+-----+-----+----------+
    |    6|    6|    1|    1| function |
    +-----+-----+-----+-----+----------+

    + Detail: 
        * Instance: 
        N/A

        * Loop: 
        N/A



================================================================
== Utilization Estimates
================================================================
* Summary: 
+-----------------+---------+-------+---------+--------+-----+
|       Name      | BRAM_18K| DSP48E|    FF   |   LUT  | URAM|
+-----------------+---------+-------+---------+--------+-----+
|DSP              |        -|      2|        -|       -|    -|
|Expression       |        -|      -|        0|     200|    -|
|FIFO             |        -|      -|        -|       -|    -|
|Instance         |        -|      -|        -|       -|    -|
|Memory           |        -|      -|        -|       -|    -|
|Multiplexer      |        -|      -|        -|       9|    -|
|Register         |        -|      -|      207|       -|    -|
+-----------------+---------+-------+---------+--------+-----+
|Total            |        0|      2|      207|     209|    0|
+-----------------+---------+-------+---------+--------+-----+
|Available        |     1968|   1968|  1045440|  522720|  128|
+-----------------+---------+-------+---------+--------+-----+
|Utilization (%)  |        0|   ~0  |    ~0   |   ~0   |    0|
+-----------------+---------+-------+---------+--------+-----+

+ Detail: 
    * Instance: 
    N/A

    * DSP48: 
    +--------------------------+----------------------+-----------+
    |         Instance         |        Module        | Expression|
    +--------------------------+----------------------+-----------+
    |mp7wrapped_pfalgobkb_U38  |mp7wrapped_pfalgobkb  |  i0 * i0  |
    |mp7wrapped_pfalgobkb_U39  |mp7wrapped_pfalgobkb  |  i0 * i0  |
    +--------------------------+----------------------+-----------+

    * Memory: 
    N/A

    * FIFO: 
    N/A

    * Expression: 
    +------------------------+----------+-------+---+----+------------+------------+
    |      Variable Name     | Operation| DSP48E| FF| LUT| Bitwidth P0| Bitwidth P1|
    +------------------------+----------+-------+---+----+------------+------------+
    |r_V_4_fu_140_p2         |     +    |      0|  0|  20|          13|          13|
    |r_V_3_fu_70_p2          |     -    |      0|  0|  18|          11|          11|
    |r_V_fu_56_p2            |     -    |      0|  0|  18|          11|          11|
    |tmp_12_fu_91_p2         |     -    |      0|  0|  18|           1|          11|
    |tmp_s_fu_81_p2          |     -    |      0|  0|  18|           1|          11|
    |icmp_fu_122_p2          |   icmp   |      0|  0|  11|           5|           1|
    |tmp_11_fu_86_p2         |   icmp   |      0|  0|  13|          11|           1|
    |tmp_15_fu_157_p2        |   icmp   |      0|  0|  13|          13|          12|
    |tmp_fu_76_p2            |   icmp   |      0|  0|  13|          11|           1|
    |tmp_13_fu_106_p2        |    or    |      0|  0|  11|          11|          11|
    |agg_result_V_fu_162_p3  |  select  |      0|  0|  12|           1|          12|
    |deta_V_fu_96_p3         |  select  |      0|  0|  11|           1|          11|
    |dphi_V_fu_101_p3        |  select  |      0|  0|  11|           1|          11|
    |val_assign_fu_146_p3    |  select  |      0|  0|  13|           1|          13|
    +------------------------+----------+-------+---+----+------------+------------+
    |Total                   |          |      0|  0| 200|          92|         130|
    +------------------------+----------+-------+---+----+------------+------------+

    * Multiplexer: 
    +-----------+----+-----------+-----+-----------+
    |    Name   | LUT| Input Size| Bits| Total Bits|
    +-----------+----+-----------+-----+-----------+
    |ap_return  |   9|          2|   12|         24|
    +-----------+----+-----------+-----+-----------+
    |Total      |   9|          2|   12|         24|
    +-----------+----+-----------+-----+-----------+

    * Register: 
    +-------------------------------+----+----+-----+-----------+
    |              Name             | FF | LUT| Bits| Const Bits|
    +-------------------------------+----+----+-----+-----------+
    |ap_ce_reg                      |   1|   0|    1|          0|
    |ap_return_int_reg              |  12|   0|   12|          0|
    |deta2_V_reg_229                |  12|   0|   12|          0|
    |deta_V_reg_214                 |  11|   0|   11|          0|
    |dphi2_V_reg_234                |  12|   0|   12|          0|
    |dphi_V_reg_219                 |  11|   0|   11|          0|
    |eta1_V_int_reg                 |  10|   0|   10|          0|
    |eta2_V_int_reg                 |  10|   0|   10|          0|
    |icmp_reg_224                   |   1|   0|    1|          0|
    |icmp_reg_224_pp0_iter3_reg     |   1|   0|    1|          0|
    |phi1_V_int_reg                 |  10|   0|   10|          0|
    |phi2_V_int_reg                 |  10|   0|   10|          0|
    |r_V_3_reg_187                  |  11|   0|   11|          0|
    |r_V_3_reg_187_pp0_iter1_reg    |  11|   0|   11|          0|
    |r_V_reg_180                    |  11|   0|   11|          0|
    |r_V_reg_180_pp0_iter1_reg      |  11|   0|   11|          0|
    |tmp_11_reg_204                 |   1|   0|    1|          0|
    |tmp_12_reg_209                 |  11|   0|   11|          0|
    |tmp_15_reg_249                 |   1|   0|    1|          0|
    |tmp_770_reg_244                |  12|   0|   12|          0|
    |tmp_770_reg_244_pp0_iter5_reg  |  12|   0|   12|          0|
    |tmp_reg_194                    |   1|   0|    1|          0|
    |tmp_s_reg_199                  |  11|   0|   11|          0|
    |val_assign_reg_239             |  13|   0|   13|          0|
    +-------------------------------+----+----+-----+-----------+
    |Total                          | 207|   0|  207|          0|
    +-------------------------------+----+----+-----+-----------+



================================================================
== Interface
================================================================
* Summary: 
+-----------+-----+-----+------------+-----------------+--------------+
| RTL Ports | Dir | Bits|  Protocol  |  Source Object  |    C Type    |
+-----------+-----+-----+------------+-----------------+--------------+
|ap_clk     |  in |    1| ap_ctrl_hs | dr2_int_cap<12> | return value |
|ap_rst     |  in |    1| ap_ctrl_hs | dr2_int_cap<12> | return value |
|ap_return  | out |   12| ap_ctrl_hs | dr2_int_cap<12> | return value |
|ap_ce      |  in |    1| ap_ctrl_hs | dr2_int_cap<12> | return value |
|eta1_V     |  in |   10|   ap_none  |      eta1_V     |    scalar    |
|phi1_V     |  in |   10|   ap_none  |      phi1_V     |    scalar    |
|eta2_V     |  in |   10|   ap_none  |      eta2_V     |    scalar    |
|phi2_V     |  in |   10|   ap_none  |      phi2_V     |    scalar    |
+-----------+-----+-----+------------+-----------------+--------------+

