

================================================================
== Vivado HLS Report for 'em2calo_sumem'
================================================================
* Date:           Wed Oct  2 15:14:03 2019

* Version:        2018.2 (Build 2258646 on Thu Jun 14 20:25:20 MDT 2018)
* Project:        l1pfpuppi-ku15p-II2-360MHz
* Solution:       solution
* Product family: kintexuplus
* Target device:  xcku15p-ffva1760-2-e


================================================================
== Performance Estimates
================================================================
+ Timing (ns): 
    * Summary: 
    +--------+-------+----------+------------+
    |  Clock | Target| Estimated| Uncertainty|
    +--------+-------+----------+------------+
    |ap_clk  |   2.70|     1.195|        1.50|
    +--------+-------+----------+------------+

+ Latency (clock cycles): 
    * Summary: 
    +-----+-----+-----+-----+----------+
    |  Latency  |  Interval | Pipeline |
    | min | max | min | max |   Type   |
    +-----+-----+-----+-----+----------+
    |    9|    9|    2|    2| function |
    +-----+-----+-----+-----+----------+

    + Detail: 
        * Instance: 
        N/A

        * Loop: 
        N/A



================================================================
== Utilization Estimates
================================================================
* Summary: 
+-----------------+---------+-------+---------+--------+-----+
|       Name      | BRAM_18K| DSP48E|    FF   |   LUT  | URAM|
+-----------------+---------+-------+---------+--------+-----+
|DSP              |        -|      -|        -|       -|    -|
|Expression       |        -|      -|        0|    5130|    -|
|FIFO             |        -|      -|        -|       -|    -|
|Instance         |        -|      -|        -|       -|    -|
|Memory           |        -|      -|        -|       -|    -|
|Multiplexer      |        -|      -|        -|      24|    -|
|Register         |        0|      -|     2728|     384|    -|
+-----------------+---------+-------+---------+--------+-----+
|Total            |        0|      0|     2728|    5538|    0|
+-----------------+---------+-------+---------+--------+-----+
|Available        |     1968|   1968|  1045440|  522720|  128|
+-----------------+---------+-------+---------+--------+-----+
|Utilization (%)  |        0|      0|    ~0   |       1|    0|
+-----------------+---------+-------+---------+--------+-----+

+ Detail: 
    * Instance: 
    N/A

    * DSP48: 
    N/A

    * Memory: 
    N/A

    * FIFO: 
    N/A

    * Expression: 
    +--------------------------------+----------+-------+---+----+------------+------------+
    |          Variable Name         | Operation| DSP48E| FF| LUT| Bitwidth P0| Bitwidth P1|
    +--------------------------------+----------+-------+---+----+------------+------------+
    |sum_V_0_1_fu_438_p2             |     +    |      0|  0|  23|          16|          16|
    |sum_V_0_2_fu_703_p2             |     +    |      0|  0|  23|          16|          16|
    |sum_V_0_3_fu_939_p2             |     +    |      0|  0|  23|          16|          16|
    |sum_V_0_4_fu_1175_p2            |     +    |      0|  0|  23|          16|          16|
    |sum_V_0_5_fu_1411_p2            |     +    |      0|  0|  23|          16|          16|
    |sum_V_0_6_fu_1647_p2            |     +    |      0|  0|  23|          16|          16|
    |sum_V_0_7_fu_1883_p2            |     +    |      0|  0|  23|          16|          16|
    |sum_V_0_8_fu_2119_p2            |     +    |      0|  0|  23|          16|          16|
    |sum_V_0_9_fu_2355_p2            |     +    |      0|  0|  23|          16|          16|
    |sum_V_1_1_fu_465_p2             |     +    |      0|  0|  23|          16|          16|
    |sum_V_1_2_fu_727_p2             |     +    |      0|  0|  23|          16|          16|
    |sum_V_1_3_fu_963_p2             |     +    |      0|  0|  23|          16|          16|
    |sum_V_1_4_fu_1199_p2            |     +    |      0|  0|  23|          16|          16|
    |sum_V_1_5_fu_1435_p2            |     +    |      0|  0|  23|          16|          16|
    |sum_V_1_6_fu_1671_p2            |     +    |      0|  0|  23|          16|          16|
    |sum_V_1_7_fu_1907_p2            |     +    |      0|  0|  23|          16|          16|
    |sum_V_1_8_fu_2143_p2            |     +    |      0|  0|  23|          16|          16|
    |sum_V_1_9_fu_2379_p2            |     +    |      0|  0|  23|          16|          16|
    |sum_V_2_1_fu_492_p2             |     +    |      0|  0|  23|          16|          16|
    |sum_V_2_2_fu_751_p2             |     +    |      0|  0|  23|          16|          16|
    |sum_V_2_3_fu_987_p2             |     +    |      0|  0|  23|          16|          16|
    |sum_V_2_4_fu_1223_p2            |     +    |      0|  0|  23|          16|          16|
    |sum_V_2_5_fu_1459_p2            |     +    |      0|  0|  23|          16|          16|
    |sum_V_2_6_fu_1695_p2            |     +    |      0|  0|  23|          16|          16|
    |sum_V_2_7_fu_1931_p2            |     +    |      0|  0|  23|          16|          16|
    |sum_V_2_8_fu_2167_p2            |     +    |      0|  0|  23|          16|          16|
    |sum_V_2_9_fu_2403_p2            |     +    |      0|  0|  23|          16|          16|
    |sum_V_3_1_fu_519_p2             |     +    |      0|  0|  23|          16|          16|
    |sum_V_3_2_fu_775_p2             |     +    |      0|  0|  23|          16|          16|
    |sum_V_3_3_fu_1011_p2            |     +    |      0|  0|  23|          16|          16|
    |sum_V_3_4_fu_1247_p2            |     +    |      0|  0|  23|          16|          16|
    |sum_V_3_5_fu_1483_p2            |     +    |      0|  0|  23|          16|          16|
    |sum_V_3_6_fu_1719_p2            |     +    |      0|  0|  23|          16|          16|
    |sum_V_3_7_fu_1955_p2            |     +    |      0|  0|  23|          16|          16|
    |sum_V_3_8_fu_2191_p2            |     +    |      0|  0|  23|          16|          16|
    |sum_V_3_9_fu_2427_p2            |     +    |      0|  0|  23|          16|          16|
    |sum_V_4_1_fu_546_p2             |     +    |      0|  0|  23|          16|          16|
    |sum_V_4_2_fu_799_p2             |     +    |      0|  0|  23|          16|          16|
    |sum_V_4_3_fu_1035_p2            |     +    |      0|  0|  23|          16|          16|
    |sum_V_4_4_fu_1271_p2            |     +    |      0|  0|  23|          16|          16|
    |sum_V_4_5_fu_1507_p2            |     +    |      0|  0|  23|          16|          16|
    |sum_V_4_6_fu_1743_p2            |     +    |      0|  0|  23|          16|          16|
    |sum_V_4_7_fu_1979_p2            |     +    |      0|  0|  23|          16|          16|
    |sum_V_4_8_fu_2215_p2            |     +    |      0|  0|  23|          16|          16|
    |sum_V_4_9_fu_2451_p2            |     +    |      0|  0|  23|          16|          16|
    |sum_V_5_1_fu_573_p2             |     +    |      0|  0|  23|          16|          16|
    |sum_V_5_2_fu_823_p2             |     +    |      0|  0|  23|          16|          16|
    |sum_V_5_3_fu_1059_p2            |     +    |      0|  0|  23|          16|          16|
    |sum_V_5_4_fu_1295_p2            |     +    |      0|  0|  23|          16|          16|
    |sum_V_5_5_fu_1531_p2            |     +    |      0|  0|  23|          16|          16|
    |sum_V_5_6_fu_1767_p2            |     +    |      0|  0|  23|          16|          16|
    |sum_V_5_7_fu_2003_p2            |     +    |      0|  0|  23|          16|          16|
    |sum_V_5_8_fu_2239_p2            |     +    |      0|  0|  23|          16|          16|
    |sum_V_5_9_fu_2475_p2            |     +    |      0|  0|  23|          16|          16|
    |sum_V_6_1_fu_600_p2             |     +    |      0|  0|  23|          16|          16|
    |sum_V_6_2_fu_847_p2             |     +    |      0|  0|  23|          16|          16|
    |sum_V_6_3_fu_1083_p2            |     +    |      0|  0|  23|          16|          16|
    |sum_V_6_4_fu_1319_p2            |     +    |      0|  0|  23|          16|          16|
    |sum_V_6_5_fu_1555_p2            |     +    |      0|  0|  23|          16|          16|
    |sum_V_6_6_fu_1791_p2            |     +    |      0|  0|  23|          16|          16|
    |sum_V_6_7_fu_2027_p2            |     +    |      0|  0|  23|          16|          16|
    |sum_V_6_8_fu_2263_p2            |     +    |      0|  0|  23|          16|          16|
    |sum_V_6_9_fu_2499_p2            |     +    |      0|  0|  23|          16|          16|
    |sum_V_7_1_fu_627_p2             |     +    |      0|  0|  23|          16|          16|
    |sum_V_7_2_fu_871_p2             |     +    |      0|  0|  23|          16|          16|
    |sum_V_7_3_fu_1107_p2            |     +    |      0|  0|  23|          16|          16|
    |sum_V_7_4_fu_1343_p2            |     +    |      0|  0|  23|          16|          16|
    |sum_V_7_5_fu_1579_p2            |     +    |      0|  0|  23|          16|          16|
    |sum_V_7_6_fu_1815_p2            |     +    |      0|  0|  23|          16|          16|
    |sum_V_7_7_fu_2051_p2            |     +    |      0|  0|  23|          16|          16|
    |sum_V_7_8_fu_2287_p2            |     +    |      0|  0|  23|          16|          16|
    |sum_V_7_9_fu_2523_p2            |     +    |      0|  0|  23|          16|          16|
    |sum_V_8_1_fu_654_p2             |     +    |      0|  0|  23|          16|          16|
    |sum_V_8_2_fu_895_p2             |     +    |      0|  0|  23|          16|          16|
    |sum_V_8_3_fu_1131_p2            |     +    |      0|  0|  23|          16|          16|
    |sum_V_8_4_fu_1367_p2            |     +    |      0|  0|  23|          16|          16|
    |sum_V_8_5_fu_1603_p2            |     +    |      0|  0|  23|          16|          16|
    |sum_V_8_6_fu_1839_p2            |     +    |      0|  0|  23|          16|          16|
    |sum_V_8_7_fu_2075_p2            |     +    |      0|  0|  23|          16|          16|
    |sum_V_8_8_fu_2311_p2            |     +    |      0|  0|  23|          16|          16|
    |sum_V_8_9_fu_2547_p2            |     +    |      0|  0|  23|          16|          16|
    |sum_V_9_1_fu_681_p2             |     +    |      0|  0|  23|          16|          16|
    |sum_V_9_2_fu_919_p2             |     +    |      0|  0|  23|          16|          16|
    |sum_V_9_3_fu_1155_p2            |     +    |      0|  0|  23|          16|          16|
    |sum_V_9_4_fu_1391_p2            |     +    |      0|  0|  23|          16|          16|
    |sum_V_9_5_fu_1627_p2            |     +    |      0|  0|  23|          16|          16|
    |sum_V_9_6_fu_1863_p2            |     +    |      0|  0|  23|          16|          16|
    |sum_V_9_7_fu_2099_p2            |     +    |      0|  0|  23|          16|          16|
    |sum_V_9_8_fu_2335_p2            |     +    |      0|  0|  23|          16|          16|
    |sum_V_9_9_fu_2571_p2            |     +    |      0|  0|  23|          16|          16|
    |ap_block_pp0_stage0_11001       |    and   |      0|  0|   2|           1|           1|
    |p_0_2_0_1_fu_450_p3             |  select  |      0|  0|  16|           1|          16|
    |p_0_2_0_2_fu_713_p3             |  select  |      0|  0|  16|           1|          16|
    |p_0_2_0_3_fu_949_p3             |  select  |      0|  0|  16|           1|          16|
    |p_0_2_0_4_fu_1185_p3            |  select  |      0|  0|  16|           1|          16|
    |p_0_2_0_5_fu_1421_p3            |  select  |      0|  0|  16|           1|          16|
    |p_0_2_0_6_fu_1657_p3            |  select  |      0|  0|  16|           1|          16|
    |p_0_2_0_7_fu_1893_p3            |  select  |      0|  0|  16|           1|          16|
    |p_0_2_0_8_fu_2129_p3            |  select  |      0|  0|  16|           1|          16|
    |p_0_2_1_1_fu_477_p3             |  select  |      0|  0|  16|           1|          16|
    |p_0_2_1_2_fu_737_p3             |  select  |      0|  0|  16|           1|          16|
    |p_0_2_1_3_fu_973_p3             |  select  |      0|  0|  16|           1|          16|
    |p_0_2_1_4_fu_1209_p3            |  select  |      0|  0|  16|           1|          16|
    |p_0_2_1_5_fu_1445_p3            |  select  |      0|  0|  16|           1|          16|
    |p_0_2_1_6_fu_1681_p3            |  select  |      0|  0|  16|           1|          16|
    |p_0_2_1_7_fu_1917_p3            |  select  |      0|  0|  16|           1|          16|
    |p_0_2_1_8_fu_2153_p3            |  select  |      0|  0|  16|           1|          16|
    |p_0_2_1_fu_298_p3               |  select  |      0|  0|  16|           1|          16|
    |p_0_2_2_1_fu_504_p3             |  select  |      0|  0|  16|           1|          16|
    |p_0_2_2_2_fu_761_p3             |  select  |      0|  0|  16|           1|          16|
    |p_0_2_2_3_fu_997_p3             |  select  |      0|  0|  16|           1|          16|
    |p_0_2_2_4_fu_1233_p3            |  select  |      0|  0|  16|           1|          16|
    |p_0_2_2_5_fu_1469_p3            |  select  |      0|  0|  16|           1|          16|
    |p_0_2_2_6_fu_1705_p3            |  select  |      0|  0|  16|           1|          16|
    |p_0_2_2_7_fu_1941_p3            |  select  |      0|  0|  16|           1|          16|
    |p_0_2_2_8_fu_2177_p3            |  select  |      0|  0|  16|           1|          16|
    |p_0_2_2_fu_314_p3               |  select  |      0|  0|  16|           1|          16|
    |p_0_2_3_1_fu_531_p3             |  select  |      0|  0|  16|           1|          16|
    |p_0_2_3_2_fu_785_p3             |  select  |      0|  0|  16|           1|          16|
    |p_0_2_3_3_fu_1021_p3            |  select  |      0|  0|  16|           1|          16|
    |p_0_2_3_4_fu_1257_p3            |  select  |      0|  0|  16|           1|          16|
    |p_0_2_3_5_fu_1493_p3            |  select  |      0|  0|  16|           1|          16|
    |p_0_2_3_6_fu_1729_p3            |  select  |      0|  0|  16|           1|          16|
    |p_0_2_3_7_fu_1965_p3            |  select  |      0|  0|  16|           1|          16|
    |p_0_2_3_8_fu_2201_p3            |  select  |      0|  0|  16|           1|          16|
    |p_0_2_3_fu_330_p3               |  select  |      0|  0|  16|           1|          16|
    |p_0_2_4_1_fu_558_p3             |  select  |      0|  0|  16|           1|          16|
    |p_0_2_4_2_fu_809_p3             |  select  |      0|  0|  16|           1|          16|
    |p_0_2_4_3_fu_1045_p3            |  select  |      0|  0|  16|           1|          16|
    |p_0_2_4_4_fu_1281_p3            |  select  |      0|  0|  16|           1|          16|
    |p_0_2_4_5_fu_1517_p3            |  select  |      0|  0|  16|           1|          16|
    |p_0_2_4_6_fu_1753_p3            |  select  |      0|  0|  16|           1|          16|
    |p_0_2_4_7_fu_1989_p3            |  select  |      0|  0|  16|           1|          16|
    |p_0_2_4_8_fu_2225_p3            |  select  |      0|  0|  16|           1|          16|
    |p_0_2_4_fu_346_p3               |  select  |      0|  0|  16|           1|          16|
    |p_0_2_5_1_fu_585_p3             |  select  |      0|  0|  16|           1|          16|
    |p_0_2_5_2_fu_833_p3             |  select  |      0|  0|  16|           1|          16|
    |p_0_2_5_3_fu_1069_p3            |  select  |      0|  0|  16|           1|          16|
    |p_0_2_5_4_fu_1305_p3            |  select  |      0|  0|  16|           1|          16|
    |p_0_2_5_5_fu_1541_p3            |  select  |      0|  0|  16|           1|          16|
    |p_0_2_5_6_fu_1777_p3            |  select  |      0|  0|  16|           1|          16|
    |p_0_2_5_7_fu_2013_p3            |  select  |      0|  0|  16|           1|          16|
    |p_0_2_5_8_fu_2249_p3            |  select  |      0|  0|  16|           1|          16|
    |p_0_2_5_fu_362_p3               |  select  |      0|  0|  16|           1|          16|
    |p_0_2_6_1_fu_612_p3             |  select  |      0|  0|  16|           1|          16|
    |p_0_2_6_2_fu_857_p3             |  select  |      0|  0|  16|           1|          16|
    |p_0_2_6_3_fu_1093_p3            |  select  |      0|  0|  16|           1|          16|
    |p_0_2_6_4_fu_1329_p3            |  select  |      0|  0|  16|           1|          16|
    |p_0_2_6_5_fu_1565_p3            |  select  |      0|  0|  16|           1|          16|
    |p_0_2_6_6_fu_1801_p3            |  select  |      0|  0|  16|           1|          16|
    |p_0_2_6_7_fu_2037_p3            |  select  |      0|  0|  16|           1|          16|
    |p_0_2_6_8_fu_2273_p3            |  select  |      0|  0|  16|           1|          16|
    |p_0_2_6_fu_378_p3               |  select  |      0|  0|  16|           1|          16|
    |p_0_2_7_1_fu_639_p3             |  select  |      0|  0|  16|           1|          16|
    |p_0_2_7_2_fu_881_p3             |  select  |      0|  0|  16|           1|          16|
    |p_0_2_7_3_fu_1117_p3            |  select  |      0|  0|  16|           1|          16|
    |p_0_2_7_4_fu_1353_p3            |  select  |      0|  0|  16|           1|          16|
    |p_0_2_7_5_fu_1589_p3            |  select  |      0|  0|  16|           1|          16|
    |p_0_2_7_6_fu_1825_p3            |  select  |      0|  0|  16|           1|          16|
    |p_0_2_7_7_fu_2061_p3            |  select  |      0|  0|  16|           1|          16|
    |p_0_2_7_8_fu_2297_p3            |  select  |      0|  0|  16|           1|          16|
    |p_0_2_7_fu_394_p3               |  select  |      0|  0|  16|           1|          16|
    |p_0_2_8_1_fu_666_p3             |  select  |      0|  0|  16|           1|          16|
    |p_0_2_8_2_fu_905_p3             |  select  |      0|  0|  16|           1|          16|
    |p_0_2_8_3_fu_1141_p3            |  select  |      0|  0|  16|           1|          16|
    |p_0_2_8_4_fu_1377_p3            |  select  |      0|  0|  16|           1|          16|
    |p_0_2_8_5_fu_1613_p3            |  select  |      0|  0|  16|           1|          16|
    |p_0_2_8_6_fu_1849_p3            |  select  |      0|  0|  16|           1|          16|
    |p_0_2_8_7_fu_2085_p3            |  select  |      0|  0|  16|           1|          16|
    |p_0_2_8_8_fu_2321_p3            |  select  |      0|  0|  16|           1|          16|
    |p_0_2_8_fu_410_p3               |  select  |      0|  0|  16|           1|          16|
    |p_0_2_9_1_fu_693_p3             |  select  |      0|  0|  16|           1|          16|
    |p_0_2_9_2_fu_929_p3             |  select  |      0|  0|  16|           1|          16|
    |p_0_2_9_3_fu_1165_p3            |  select  |      0|  0|  16|           1|          16|
    |p_0_2_9_4_fu_1401_p3            |  select  |      0|  0|  16|           1|          16|
    |p_0_2_9_5_fu_1637_p3            |  select  |      0|  0|  16|           1|          16|
    |p_0_2_9_6_fu_1873_p3            |  select  |      0|  0|  16|           1|          16|
    |p_0_2_9_7_fu_2109_p3            |  select  |      0|  0|  16|           1|          16|
    |p_0_2_9_8_fu_2345_p3            |  select  |      0|  0|  16|           1|          16|
    |p_0_2_9_fu_426_p3               |  select  |      0|  0|  16|           1|          16|
    |p_0_2_fu_282_p3                 |  select  |      0|  0|  16|           1|          16|
    |p_read_s_fu_274_p3              |  select  |      0|  0|  16|           1|          16|
    |sum_V_0_1_0_2_fu_443_p3         |  select  |      0|  0|  16|           1|          16|
    |sum_V_0_2_0_2_0_1_fu_707_p3     |  select  |      0|  0|  16|           1|          16|
    |sum_V_0_3_0_2_0_2_fu_943_p3     |  select  |      0|  0|  16|           1|          16|
    |sum_V_0_4_0_2_0_3_fu_1179_p3    |  select  |      0|  0|  16|           1|          16|
    |sum_V_0_5_0_2_0_4_fu_1415_p3    |  select  |      0|  0|  16|           1|          16|
    |sum_V_0_6_0_2_0_5_fu_1651_p3    |  select  |      0|  0|  16|           1|          16|
    |sum_V_0_7_0_2_0_6_fu_1887_p3    |  select  |      0|  0|  16|           1|          16|
    |sum_V_0_8_0_2_0_7_fu_2123_p3    |  select  |      0|  0|  16|           1|          16|
    |sum_V_0_9_0_2_0_8_fu_2359_p3    |  select  |      0|  0|  16|           1|          16|
    |sum_V_1_1_0_2_1_fu_470_p3       |  select  |      0|  0|  16|           1|          16|
    |sum_V_1_2_0_2_1_1_fu_731_p3     |  select  |      0|  0|  16|           1|          16|
    |sum_V_1_3_0_2_1_2_fu_967_p3     |  select  |      0|  0|  16|           1|          16|
    |sum_V_1_4_0_2_1_3_fu_1203_p3    |  select  |      0|  0|  16|           1|          16|
    |sum_V_1_5_0_2_1_4_fu_1439_p3    |  select  |      0|  0|  16|           1|          16|
    |sum_V_1_6_0_2_1_5_fu_1675_p3    |  select  |      0|  0|  16|           1|          16|
    |sum_V_1_7_0_2_1_6_fu_1911_p3    |  select  |      0|  0|  16|           1|          16|
    |sum_V_1_8_0_2_1_7_fu_2147_p3    |  select  |      0|  0|  16|           1|          16|
    |sum_V_1_9_0_2_1_8_fu_2383_p3    |  select  |      0|  0|  16|           1|          16|
    |sum_V_2_1_0_2_2_fu_497_p3       |  select  |      0|  0|  16|           1|          16|
    |sum_V_2_2_0_2_2_1_fu_755_p3     |  select  |      0|  0|  16|           1|          16|
    |sum_V_2_3_0_2_2_2_fu_991_p3     |  select  |      0|  0|  16|           1|          16|
    |sum_V_2_4_0_2_2_3_fu_1227_p3    |  select  |      0|  0|  16|           1|          16|
    |sum_V_2_5_0_2_2_4_fu_1463_p3    |  select  |      0|  0|  16|           1|          16|
    |sum_V_2_6_0_2_2_5_fu_1699_p3    |  select  |      0|  0|  16|           1|          16|
    |sum_V_2_7_0_2_2_6_fu_1935_p3    |  select  |      0|  0|  16|           1|          16|
    |sum_V_2_8_0_2_2_7_fu_2171_p3    |  select  |      0|  0|  16|           1|          16|
    |sum_V_2_9_0_2_2_8_fu_2407_p3    |  select  |      0|  0|  16|           1|          16|
    |sum_V_3_1_0_2_3_fu_524_p3       |  select  |      0|  0|  16|           1|          16|
    |sum_V_3_2_0_2_3_1_fu_779_p3     |  select  |      0|  0|  16|           1|          16|
    |sum_V_3_3_0_2_3_2_fu_1015_p3    |  select  |      0|  0|  16|           1|          16|
    |sum_V_3_4_0_2_3_3_fu_1251_p3    |  select  |      0|  0|  16|           1|          16|
    |sum_V_3_5_0_2_3_4_fu_1487_p3    |  select  |      0|  0|  16|           1|          16|
    |sum_V_3_6_0_2_3_5_fu_1723_p3    |  select  |      0|  0|  16|           1|          16|
    |sum_V_3_7_0_2_3_6_fu_1959_p3    |  select  |      0|  0|  16|           1|          16|
    |sum_V_3_8_0_2_3_7_fu_2195_p3    |  select  |      0|  0|  16|           1|          16|
    |sum_V_3_9_0_2_3_8_fu_2431_p3    |  select  |      0|  0|  16|           1|          16|
    |sum_V_4_1_0_2_4_fu_551_p3       |  select  |      0|  0|  16|           1|          16|
    |sum_V_4_2_0_2_4_1_fu_803_p3     |  select  |      0|  0|  16|           1|          16|
    |sum_V_4_3_0_2_4_2_fu_1039_p3    |  select  |      0|  0|  16|           1|          16|
    |sum_V_4_4_0_2_4_3_fu_1275_p3    |  select  |      0|  0|  16|           1|          16|
    |sum_V_4_5_0_2_4_4_fu_1511_p3    |  select  |      0|  0|  16|           1|          16|
    |sum_V_4_6_0_2_4_5_fu_1747_p3    |  select  |      0|  0|  16|           1|          16|
    |sum_V_4_7_0_2_4_6_fu_1983_p3    |  select  |      0|  0|  16|           1|          16|
    |sum_V_4_8_0_2_4_7_fu_2219_p3    |  select  |      0|  0|  16|           1|          16|
    |sum_V_4_9_0_2_4_8_fu_2455_p3    |  select  |      0|  0|  16|           1|          16|
    |sum_V_5_1_0_2_5_fu_578_p3       |  select  |      0|  0|  16|           1|          16|
    |sum_V_5_2_0_2_5_1_fu_827_p3     |  select  |      0|  0|  16|           1|          16|
    |sum_V_5_3_0_2_5_2_fu_1063_p3    |  select  |      0|  0|  16|           1|          16|
    |sum_V_5_4_0_2_5_3_fu_1299_p3    |  select  |      0|  0|  16|           1|          16|
    |sum_V_5_5_0_2_5_4_fu_1535_p3    |  select  |      0|  0|  16|           1|          16|
    |sum_V_5_6_0_2_5_5_fu_1771_p3    |  select  |      0|  0|  16|           1|          16|
    |sum_V_5_7_0_2_5_6_fu_2007_p3    |  select  |      0|  0|  16|           1|          16|
    |sum_V_5_8_0_2_5_7_fu_2243_p3    |  select  |      0|  0|  16|           1|          16|
    |sum_V_5_9_0_2_5_8_fu_2479_p3    |  select  |      0|  0|  16|           1|          16|
    |sum_V_6_1_0_2_6_fu_605_p3       |  select  |      0|  0|  16|           1|          16|
    |sum_V_6_2_0_2_6_1_fu_851_p3     |  select  |      0|  0|  16|           1|          16|
    |sum_V_6_3_0_2_6_2_fu_1087_p3    |  select  |      0|  0|  16|           1|          16|
    |sum_V_6_4_0_2_6_3_fu_1323_p3    |  select  |      0|  0|  16|           1|          16|
    |sum_V_6_5_0_2_6_4_fu_1559_p3    |  select  |      0|  0|  16|           1|          16|
    |sum_V_6_6_0_2_6_5_fu_1795_p3    |  select  |      0|  0|  16|           1|          16|
    |sum_V_6_7_0_2_6_6_fu_2031_p3    |  select  |      0|  0|  16|           1|          16|
    |sum_V_6_8_0_2_6_7_fu_2267_p3    |  select  |      0|  0|  16|           1|          16|
    |sum_V_6_9_0_2_6_8_fu_2503_p3    |  select  |      0|  0|  16|           1|          16|
    |sum_V_7_1_0_2_7_fu_632_p3       |  select  |      0|  0|  16|           1|          16|
    |sum_V_7_2_0_2_7_1_fu_875_p3     |  select  |      0|  0|  16|           1|          16|
    |sum_V_7_3_0_2_7_2_fu_1111_p3    |  select  |      0|  0|  16|           1|          16|
    |sum_V_7_4_0_2_7_3_fu_1347_p3    |  select  |      0|  0|  16|           1|          16|
    |sum_V_7_5_0_2_7_4_fu_1583_p3    |  select  |      0|  0|  16|           1|          16|
    |sum_V_7_6_0_2_7_5_fu_1819_p3    |  select  |      0|  0|  16|           1|          16|
    |sum_V_7_7_0_2_7_6_fu_2055_p3    |  select  |      0|  0|  16|           1|          16|
    |sum_V_7_8_0_2_7_7_fu_2291_p3    |  select  |      0|  0|  16|           1|          16|
    |sum_V_7_9_0_2_7_8_fu_2527_p3    |  select  |      0|  0|  16|           1|          16|
    |sum_V_8_1_0_2_8_fu_659_p3       |  select  |      0|  0|  16|           1|          16|
    |sum_V_8_2_0_2_8_1_fu_899_p3     |  select  |      0|  0|  16|           1|          16|
    |sum_V_8_3_0_2_8_2_fu_1135_p3    |  select  |      0|  0|  16|           1|          16|
    |sum_V_8_4_0_2_8_3_fu_1371_p3    |  select  |      0|  0|  16|           1|          16|
    |sum_V_8_5_0_2_8_4_fu_1607_p3    |  select  |      0|  0|  16|           1|          16|
    |sum_V_8_6_0_2_8_5_fu_1843_p3    |  select  |      0|  0|  16|           1|          16|
    |sum_V_8_7_0_2_8_6_fu_2079_p3    |  select  |      0|  0|  16|           1|          16|
    |sum_V_8_8_0_2_8_7_fu_2315_p3    |  select  |      0|  0|  16|           1|          16|
    |sum_V_8_9_0_2_8_8_fu_2551_p3    |  select  |      0|  0|  16|           1|          16|
    |sum_V_9_1_0_2_9_fu_686_p3       |  select  |      0|  0|  16|           1|          16|
    |sum_V_9_2_0_2_9_1_fu_923_p3     |  select  |      0|  0|  16|           1|          16|
    |sum_V_9_3_0_2_9_2_fu_1159_p3    |  select  |      0|  0|  16|           1|          16|
    |sum_V_9_4_0_2_9_3_fu_1395_p3    |  select  |      0|  0|  16|           1|          16|
    |sum_V_9_5_0_2_9_4_fu_1631_p3    |  select  |      0|  0|  16|           1|          16|
    |sum_V_9_6_0_2_9_5_fu_1867_p3    |  select  |      0|  0|  16|           1|          16|
    |sum_V_9_7_0_2_9_6_fu_2103_p3    |  select  |      0|  0|  16|           1|          16|
    |sum_V_9_8_0_2_9_7_fu_2339_p3    |  select  |      0|  0|  16|           1|          16|
    |sum_V_9_9_0_2_9_8_fu_2575_p3    |  select  |      0|  0|  16|           1|          16|
    |sumem_0_V_write_ass_fu_2365_p3  |  select  |      0|  0|  16|           1|          16|
    |sumem_1_V_write_ass_fu_2389_p3  |  select  |      0|  0|  16|           1|          16|
    |sumem_2_V_write_ass_fu_2413_p3  |  select  |      0|  0|  16|           1|          16|
    |sumem_3_V_write_ass_fu_2437_p3  |  select  |      0|  0|  16|           1|          16|
    |sumem_4_V_write_ass_fu_2461_p3  |  select  |      0|  0|  16|           1|          16|
    |sumem_5_V_write_ass_fu_2485_p3  |  select  |      0|  0|  16|           1|          16|
    |sumem_6_V_write_ass_fu_2509_p3  |  select  |      0|  0|  16|           1|          16|
    |sumem_7_V_write_ass_fu_2533_p3  |  select  |      0|  0|  16|           1|          16|
    |sumem_8_V_write_ass_fu_2557_p3  |  select  |      0|  0|  16|           1|          16|
    |sumem_9_V_write_ass_fu_2581_p3  |  select  |      0|  0|  16|           1|          16|
    |ap_enable_pp0                   |    xor   |      0|  0|   2|           1|           2|
    +--------------------------------+----------+-------+---+----+------------+------------+
    |Total                           |          |      0|  0|5130|        1633|        4499|
    +--------------------------------+----------+-------+---+----+------------+------------+

    * Multiplexer: 
    +-------------------------+----+-----------+-----+-----------+
    |           Name          | LUT| Input Size| Bits| Total Bits|
    +-------------------------+----+-----------+-----+-----------+
    |ap_NS_fsm                |  15|          3|    1|          3|
    |ap_enable_reg_pp0_iter0  |   9|          2|    1|          2|
    +-------------------------+----+-----------+-----+-----------+
    |Total                    |  24|          5|    2|          5|
    +-------------------------+----+-----------+-----+-----------+

    * Register: 
    +----------------------------------------------+----+----+-----+-----------+
    |                     Name                     | FF | LUT| Bits| Const Bits|
    +----------------------------------------------+----+----+-----+-----------+
    |ap_CS_fsm                                     |   2|   0|    2|          0|
    |ap_enable_reg_pp0_iter0_reg                   |   1|   0|    1|          0|
    |ap_enable_reg_pp0_iter1                       |   1|   0|    1|          0|
    |ap_enable_reg_pp0_iter2                       |   1|   0|    1|          0|
    |ap_enable_reg_pp0_iter3                       |   1|   0|    1|          0|
    |ap_enable_reg_pp0_iter4                       |   1|   0|    1|          0|
    |ap_port_reg_em_had_link_bit_1_V               |  10|   0|   10|          0|
    |ap_port_reg_em_had_link_bit_2_V               |  10|   0|   10|          0|
    |ap_port_reg_em_had_link_bit_3_V               |  10|   0|   10|          0|
    |ap_port_reg_em_had_link_bit_4_V               |  10|   0|   10|          0|
    |ap_port_reg_em_had_link_bit_5_V               |  10|   0|   10|          0|
    |ap_port_reg_em_had_link_bit_6_V               |  10|   0|   10|          0|
    |ap_port_reg_em_had_link_bit_7_V               |  10|   0|   10|          0|
    |ap_port_reg_em_had_link_bit_8_V               |  10|   0|   10|          0|
    |ap_port_reg_em_had_link_bit_9_V               |  10|   0|   10|          0|
    |ap_port_reg_emcalo_1_hwPt_V_rea               |  16|   0|   16|          0|
    |ap_port_reg_emcalo_2_hwPt_V_rea               |  16|   0|   16|          0|
    |ap_port_reg_emcalo_3_hwPt_V_rea               |  16|   0|   16|          0|
    |ap_port_reg_emcalo_4_hwPt_V_rea               |  16|   0|   16|          0|
    |ap_port_reg_emcalo_5_hwPt_V_rea               |  16|   0|   16|          0|
    |ap_port_reg_emcalo_6_hwPt_V_rea               |  16|   0|   16|          0|
    |ap_port_reg_emcalo_7_hwPt_V_rea               |  16|   0|   16|          0|
    |ap_port_reg_emcalo_8_hwPt_V_rea               |  16|   0|   16|          0|
    |ap_port_reg_emcalo_9_hwPt_V_rea               |  16|   0|   16|          0|
    |ap_port_reg_isEM_1_read                       |   1|   0|    1|          0|
    |ap_port_reg_isEM_2_read                       |   1|   0|    1|          0|
    |ap_port_reg_isEM_3_read                       |   1|   0|    1|          0|
    |ap_port_reg_isEM_4_read                       |   1|   0|    1|          0|
    |ap_port_reg_isEM_5_read                       |   1|   0|    1|          0|
    |ap_port_reg_isEM_6_read                       |   1|   0|    1|          0|
    |ap_port_reg_isEM_7_read                       |   1|   0|    1|          0|
    |ap_port_reg_isEM_8_read                       |   1|   0|    1|          0|
    |ap_port_reg_isEM_9_read                       |   1|   0|    1|          0|
    |em_had_link_bit_2_V_1_reg_2816                |  10|   0|   10|          0|
    |em_had_link_bit_3_V_1_reg_2802                |  10|   0|   10|          0|
    |em_had_link_bit_4_V_1_reg_2788                |  10|   0|   10|          0|
    |em_had_link_bit_4_V_1_reg_2788_pp0_iter1_reg  |  10|   0|   10|          0|
    |em_had_link_bit_5_V_1_reg_2774                |  10|   0|   10|          0|
    |em_had_link_bit_5_V_1_reg_2774_pp0_iter1_reg  |  10|   0|   10|          0|
    |em_had_link_bit_6_V_1_reg_2760                |  10|   0|   10|          0|
    |em_had_link_bit_7_V_1_reg_2746                |  10|   0|   10|          0|
    |em_had_link_bit_8_V_1_reg_2732                |  10|   0|   10|          0|
    |em_had_link_bit_9_V_1_reg_2718                |  10|   0|   10|          0|
    |emcalo_2_hwPt_V_rea_1_reg_3040                |  16|   0|   16|          0|
    |emcalo_3_hwPt_V_rea_1_reg_3026                |  16|   0|   16|          0|
    |emcalo_4_hwPt_V_rea_1_reg_3012                |  16|   0|   16|          0|
    |emcalo_4_hwPt_V_rea_1_reg_3012_pp0_iter1_reg  |  16|   0|   16|          0|
    |emcalo_5_hwPt_V_rea_1_reg_2998                |  16|   0|   16|          0|
    |emcalo_5_hwPt_V_rea_1_reg_2998_pp0_iter1_reg  |  16|   0|   16|          0|
    |emcalo_6_hwPt_V_rea_1_reg_2984                |  16|   0|   16|          0|
    |emcalo_7_hwPt_V_rea_1_reg_2970                |  16|   0|   16|          0|
    |emcalo_8_hwPt_V_rea_1_reg_2956                |  16|   0|   16|          0|
    |emcalo_9_hwPt_V_rea_1_reg_2942                |  16|   0|   16|          0|
    |isEM_2_read_2_reg_2928                        |   1|   0|    1|          0|
    |isEM_3_read_2_reg_2914                        |   1|   0|    1|          0|
    |isEM_4_read_2_reg_2900                        |   1|   0|    1|          0|
    |isEM_4_read_2_reg_2900_pp0_iter1_reg          |   1|   0|    1|          0|
    |isEM_5_read_2_reg_2886                        |   1|   0|    1|          0|
    |isEM_5_read_2_reg_2886_pp0_iter1_reg          |   1|   0|    1|          0|
    |isEM_6_read_2_reg_2872                        |   1|   0|    1|          0|
    |isEM_7_read_2_reg_2858                        |   1|   0|    1|          0|
    |isEM_8_read_2_reg_2844                        |   1|   0|    1|          0|
    |isEM_9_read_2_reg_2830                        |   1|   0|    1|          0|
    |p_0_2_0_1_reg_3054                            |  16|   0|   16|          0|
    |p_0_2_0_2_reg_3124                            |  16|   0|   16|          0|
    |p_0_2_0_3_reg_3194                            |  16|   0|   16|          0|
    |p_0_2_0_4_reg_3264                            |  16|   0|   16|          0|
    |p_0_2_0_5_reg_3334                            |  16|   0|   16|          0|
    |p_0_2_0_6_reg_3404                            |  16|   0|   16|          0|
    |p_0_2_0_7_reg_3474                            |  16|   0|   16|          0|
    |p_0_2_0_8_reg_3544                            |  16|   0|   16|          0|
    |p_0_2_1_1_reg_3061                            |  16|   0|   16|          0|
    |p_0_2_1_2_reg_3131                            |  16|   0|   16|          0|
    |p_0_2_1_3_reg_3201                            |  16|   0|   16|          0|
    |p_0_2_1_4_reg_3271                            |  16|   0|   16|          0|
    |p_0_2_1_5_reg_3341                            |  16|   0|   16|          0|
    |p_0_2_1_6_reg_3411                            |  16|   0|   16|          0|
    |p_0_2_1_7_reg_3481                            |  16|   0|   16|          0|
    |p_0_2_1_8_reg_3551                            |  16|   0|   16|          0|
    |p_0_2_1_reg_2655                              |  16|   0|   16|          0|
    |p_0_2_2_1_reg_3068                            |  16|   0|   16|          0|
    |p_0_2_2_2_reg_3138                            |  16|   0|   16|          0|
    |p_0_2_2_3_reg_3208                            |  16|   0|   16|          0|
    |p_0_2_2_4_reg_3278                            |  16|   0|   16|          0|
    |p_0_2_2_5_reg_3348                            |  16|   0|   16|          0|
    |p_0_2_2_6_reg_3418                            |  16|   0|   16|          0|
    |p_0_2_2_7_reg_3488                            |  16|   0|   16|          0|
    |p_0_2_2_8_reg_3558                            |  16|   0|   16|          0|
    |p_0_2_2_reg_2662                              |  16|   0|   16|          0|
    |p_0_2_3_1_reg_3075                            |  16|   0|   16|          0|
    |p_0_2_3_2_reg_3145                            |  16|   0|   16|          0|
    |p_0_2_3_3_reg_3215                            |  16|   0|   16|          0|
    |p_0_2_3_4_reg_3285                            |  16|   0|   16|          0|
    |p_0_2_3_5_reg_3355                            |  16|   0|   16|          0|
    |p_0_2_3_6_reg_3425                            |  16|   0|   16|          0|
    |p_0_2_3_7_reg_3495                            |  16|   0|   16|          0|
    |p_0_2_3_8_reg_3565                            |  16|   0|   16|          0|
    |p_0_2_3_reg_2669                              |  16|   0|   16|          0|
    |p_0_2_4_1_reg_3082                            |  16|   0|   16|          0|
    |p_0_2_4_2_reg_3152                            |  16|   0|   16|          0|
    |p_0_2_4_3_reg_3222                            |  16|   0|   16|          0|
    |p_0_2_4_4_reg_3292                            |  16|   0|   16|          0|
    |p_0_2_4_5_reg_3362                            |  16|   0|   16|          0|
    |p_0_2_4_6_reg_3432                            |  16|   0|   16|          0|
    |p_0_2_4_7_reg_3502                            |  16|   0|   16|          0|
    |p_0_2_4_8_reg_3572                            |  16|   0|   16|          0|
    |p_0_2_4_reg_2676                              |  16|   0|   16|          0|
    |p_0_2_5_1_reg_3089                            |  16|   0|   16|          0|
    |p_0_2_5_2_reg_3159                            |  16|   0|   16|          0|
    |p_0_2_5_3_reg_3229                            |  16|   0|   16|          0|
    |p_0_2_5_4_reg_3299                            |  16|   0|   16|          0|
    |p_0_2_5_5_reg_3369                            |  16|   0|   16|          0|
    |p_0_2_5_6_reg_3439                            |  16|   0|   16|          0|
    |p_0_2_5_7_reg_3509                            |  16|   0|   16|          0|
    |p_0_2_5_8_reg_3579                            |  16|   0|   16|          0|
    |p_0_2_5_reg_2683                              |  16|   0|   16|          0|
    |p_0_2_6_1_reg_3096                            |  16|   0|   16|          0|
    |p_0_2_6_2_reg_3166                            |  16|   0|   16|          0|
    |p_0_2_6_3_reg_3236                            |  16|   0|   16|          0|
    |p_0_2_6_4_reg_3306                            |  16|   0|   16|          0|
    |p_0_2_6_5_reg_3376                            |  16|   0|   16|          0|
    |p_0_2_6_6_reg_3446                            |  16|   0|   16|          0|
    |p_0_2_6_7_reg_3516                            |  16|   0|   16|          0|
    |p_0_2_6_8_reg_3586                            |  16|   0|   16|          0|
    |p_0_2_6_reg_2690                              |  16|   0|   16|          0|
    |p_0_2_7_1_reg_3103                            |  16|   0|   16|          0|
    |p_0_2_7_2_reg_3173                            |  16|   0|   16|          0|
    |p_0_2_7_3_reg_3243                            |  16|   0|   16|          0|
    |p_0_2_7_4_reg_3313                            |  16|   0|   16|          0|
    |p_0_2_7_5_reg_3383                            |  16|   0|   16|          0|
    |p_0_2_7_6_reg_3453                            |  16|   0|   16|          0|
    |p_0_2_7_7_reg_3523                            |  16|   0|   16|          0|
    |p_0_2_7_8_reg_3593                            |  16|   0|   16|          0|
    |p_0_2_7_reg_2697                              |  16|   0|   16|          0|
    |p_0_2_8_1_reg_3110                            |  16|   0|   16|          0|
    |p_0_2_8_2_reg_3180                            |  16|   0|   16|          0|
    |p_0_2_8_3_reg_3250                            |  16|   0|   16|          0|
    |p_0_2_8_4_reg_3320                            |  16|   0|   16|          0|
    |p_0_2_8_5_reg_3390                            |  16|   0|   16|          0|
    |p_0_2_8_6_reg_3460                            |  16|   0|   16|          0|
    |p_0_2_8_7_reg_3530                            |  16|   0|   16|          0|
    |p_0_2_8_8_reg_3600                            |  16|   0|   16|          0|
    |p_0_2_8_reg_2704                              |  16|   0|   16|          0|
    |p_0_2_9_1_reg_3117                            |  16|   0|   16|          0|
    |p_0_2_9_2_reg_3187                            |  16|   0|   16|          0|
    |p_0_2_9_3_reg_3257                            |  16|   0|   16|          0|
    |p_0_2_9_4_reg_3327                            |  16|   0|   16|          0|
    |p_0_2_9_5_reg_3397                            |  16|   0|   16|          0|
    |p_0_2_9_6_reg_3467                            |  16|   0|   16|          0|
    |p_0_2_9_7_reg_3537                            |  16|   0|   16|          0|
    |p_0_2_9_8_reg_3607                            |  16|   0|   16|          0|
    |p_0_2_9_reg_2711                              |  16|   0|   16|          0|
    |p_0_2_reg_2648                                |  16|   0|   16|          0|
    |em_had_link_bit_6_V_1_reg_2760                |  64|  32|   10|          0|
    |em_had_link_bit_7_V_1_reg_2746                |  64|  32|   10|          0|
    |em_had_link_bit_8_V_1_reg_2732                |  64|  32|   10|          0|
    |em_had_link_bit_9_V_1_reg_2718                |  64|  32|   10|          0|
    |emcalo_6_hwPt_V_rea_1_reg_2984                |  64|  32|   16|          0|
    |emcalo_7_hwPt_V_rea_1_reg_2970                |  64|  32|   16|          0|
    |emcalo_8_hwPt_V_rea_1_reg_2956                |  64|  32|   16|          0|
    |emcalo_9_hwPt_V_rea_1_reg_2942                |  64|  32|   16|          0|
    |isEM_6_read_2_reg_2872                        |  64|  32|    1|          0|
    |isEM_7_read_2_reg_2858                        |  64|  32|    1|          0|
    |isEM_8_read_2_reg_2844                        |  64|  32|    1|          0|
    |isEM_9_read_2_reg_2830                        |  64|  32|    1|          0|
    +----------------------------------------------+----+----+-----+-----------+
    |Total                                         |2728| 384| 2068|          0|
    +----------------------------------------------+----+----+-----+-----------+



================================================================
== Interface
================================================================
* Summary: 
+---------------------+-----+-----+------------+---------------------+--------------+
|      RTL Ports      | Dir | Bits|  Protocol  |    Source Object    |    C Type    |
+---------------------+-----+-----+------------+---------------------+--------------+
|ap_clk               |  in |    1| ap_ctrl_hs |    em2calo_sumem    | return value |
|ap_rst               |  in |    1| ap_ctrl_hs |    em2calo_sumem    | return value |
|ap_start             |  in |    1| ap_ctrl_hs |    em2calo_sumem    | return value |
|ap_done              | out |    1| ap_ctrl_hs |    em2calo_sumem    | return value |
|ap_idle              | out |    1| ap_ctrl_hs |    em2calo_sumem    | return value |
|ap_ready             | out |    1| ap_ctrl_hs |    em2calo_sumem    | return value |
|ap_return_0          | out |   16| ap_ctrl_hs |    em2calo_sumem    | return value |
|ap_return_1          | out |   16| ap_ctrl_hs |    em2calo_sumem    | return value |
|ap_return_2          | out |   16| ap_ctrl_hs |    em2calo_sumem    | return value |
|ap_return_3          | out |   16| ap_ctrl_hs |    em2calo_sumem    | return value |
|ap_return_4          | out |   16| ap_ctrl_hs |    em2calo_sumem    | return value |
|ap_return_5          | out |   16| ap_ctrl_hs |    em2calo_sumem    | return value |
|ap_return_6          | out |   16| ap_ctrl_hs |    em2calo_sumem    | return value |
|ap_return_7          | out |   16| ap_ctrl_hs |    em2calo_sumem    | return value |
|ap_return_8          | out |   16| ap_ctrl_hs |    em2calo_sumem    | return value |
|ap_return_9          | out |   16| ap_ctrl_hs |    em2calo_sumem    | return value |
|emcalo_0_hwPt_V_rea  |  in |   16|   ap_none  | emcalo_0_hwPt_V_rea |    scalar    |
|emcalo_1_hwPt_V_rea  |  in |   16|   ap_none  | emcalo_1_hwPt_V_rea |    scalar    |
|emcalo_2_hwPt_V_rea  |  in |   16|   ap_none  | emcalo_2_hwPt_V_rea |    scalar    |
|emcalo_3_hwPt_V_rea  |  in |   16|   ap_none  | emcalo_3_hwPt_V_rea |    scalar    |
|emcalo_4_hwPt_V_rea  |  in |   16|   ap_none  | emcalo_4_hwPt_V_rea |    scalar    |
|emcalo_5_hwPt_V_rea  |  in |   16|   ap_none  | emcalo_5_hwPt_V_rea |    scalar    |
|emcalo_6_hwPt_V_rea  |  in |   16|   ap_none  | emcalo_6_hwPt_V_rea |    scalar    |
|emcalo_7_hwPt_V_rea  |  in |   16|   ap_none  | emcalo_7_hwPt_V_rea |    scalar    |
|emcalo_8_hwPt_V_rea  |  in |   16|   ap_none  | emcalo_8_hwPt_V_rea |    scalar    |
|emcalo_9_hwPt_V_rea  |  in |   16|   ap_none  | emcalo_9_hwPt_V_rea |    scalar    |
|isEM_0_read          |  in |    1|   ap_none  |     isEM_0_read     |    scalar    |
|isEM_1_read          |  in |    1|   ap_none  |     isEM_1_read     |    scalar    |
|isEM_2_read          |  in |    1|   ap_none  |     isEM_2_read     |    scalar    |
|isEM_3_read          |  in |    1|   ap_none  |     isEM_3_read     |    scalar    |
|isEM_4_read          |  in |    1|   ap_none  |     isEM_4_read     |    scalar    |
|isEM_5_read          |  in |    1|   ap_none  |     isEM_5_read     |    scalar    |
|isEM_6_read          |  in |    1|   ap_none  |     isEM_6_read     |    scalar    |
|isEM_7_read          |  in |    1|   ap_none  |     isEM_7_read     |    scalar    |
|isEM_8_read          |  in |    1|   ap_none  |     isEM_8_read     |    scalar    |
|isEM_9_read          |  in |    1|   ap_none  |     isEM_9_read     |    scalar    |
|em_had_link_bit_0_V  |  in |   10|   ap_none  | em_had_link_bit_0_V |    scalar    |
|em_had_link_bit_1_V  |  in |   10|   ap_none  | em_had_link_bit_1_V |    scalar    |
|em_had_link_bit_2_V  |  in |   10|   ap_none  | em_had_link_bit_2_V |    scalar    |
|em_had_link_bit_3_V  |  in |   10|   ap_none  | em_had_link_bit_3_V |    scalar    |
|em_had_link_bit_4_V  |  in |   10|   ap_none  | em_had_link_bit_4_V |    scalar    |
|em_had_link_bit_5_V  |  in |   10|   ap_none  | em_had_link_bit_5_V |    scalar    |
|em_had_link_bit_6_V  |  in |   10|   ap_none  | em_had_link_bit_6_V |    scalar    |
|em_had_link_bit_7_V  |  in |   10|   ap_none  | em_had_link_bit_7_V |    scalar    |
|em_had_link_bit_8_V  |  in |   10|   ap_none  | em_had_link_bit_8_V |    scalar    |
|em_had_link_bit_9_V  |  in |   10|   ap_none  | em_had_link_bit_9_V |    scalar    |
+---------------------+-----+-----+------------+---------------------+--------------+

