

================================================================
== Vivado HLS Report for 'mp7wrapped_unpack_in'
================================================================
* Date:           Wed Oct  2 15:12:54 2019

* Version:        2018.2 (Build 2258646 on Thu Jun 14 20:25:20 MDT 2018)
* Project:        l1pfpuppi-ku15p-II2-360MHz
* Solution:       solution
* Product family: kintexuplus
* Target device:  xcku15p-ffva1760-2-e


================================================================
== Performance Estimates
================================================================
+ Timing (ns): 
    * Summary: 
    +--------+-------+----------+------------+
    |  Clock | Target| Estimated| Uncertainty|
    +--------+-------+----------+------------+
    |ap_clk  |   2.70|     0.000|        1.50|
    +--------+-------+----------+------------+

+ Latency (clock cycles): 
    * Summary: 
    +-----+-----+-----+-----+----------+
    |  Latency  |  Interval | Pipeline |
    | min | max | min | max |   Type   |
    +-----+-----+-----+-----+----------+
    |    0|    0|    1|    1| function |
    +-----+-----+-----+-----+----------+

    + Detail: 
        * Instance: 
        N/A

        * Loop: 
        N/A



================================================================
== Utilization Estimates
================================================================
* Summary: 
+-----------------+---------+-------+---------+--------+-----+
|       Name      | BRAM_18K| DSP48E|    FF   |   LUT  | URAM|
+-----------------+---------+-------+---------+--------+-----+
|DSP              |        -|      -|        -|       -|    -|
|Expression       |        -|      -|        -|       -|    -|
|FIFO             |        -|      -|        -|       -|    -|
|Instance         |        -|      -|        -|       -|    -|
|Memory           |        -|      -|        -|       -|    -|
|Multiplexer      |        -|      -|        -|       -|    -|
|Register         |        -|      -|        -|       -|    -|
+-----------------+---------+-------+---------+--------+-----+
|Total            |        0|      0|        0|       0|    0|
+-----------------+---------+-------+---------+--------+-----+
|Available        |     1968|   1968|  1045440|  522720|  128|
+-----------------+---------+-------+---------+--------+-----+
|Utilization (%)  |        0|      0|        0|       0|    0|
+-----------------+---------+-------+---------+--------+-----+

+ Detail: 
    * Instance: 
    N/A

    * DSP48: 
    N/A

    * Memory: 
    N/A

    * FIFO: 
    N/A

    * Expression: 
    N/A

    * Multiplexer: 
    N/A

    * Register: 
    N/A



================================================================
== Interface
================================================================
* Summary: 
+----------------+-----+-----+------------+----------------------+--------------+
|    RTL Ports   | Dir | Bits|  Protocol  |     Source Object    |    C Type    |
+----------------+-----+-----+------------+----------------------+--------------+
|ap_ready        | out |    1| ap_ctrl_hs | mp7wrapped_unpack_in | return value |
|ap_return_0     | out |   10| ap_ctrl_hs | mp7wrapped_unpack_in | return value |
|ap_return_1     | out |   16| ap_ctrl_hs | mp7wrapped_unpack_in | return value |
|ap_return_2     | out |   16| ap_ctrl_hs | mp7wrapped_unpack_in | return value |
|ap_return_3     | out |   16| ap_ctrl_hs | mp7wrapped_unpack_in | return value |
|ap_return_4     | out |   16| ap_ctrl_hs | mp7wrapped_unpack_in | return value |
|ap_return_5     | out |   16| ap_ctrl_hs | mp7wrapped_unpack_in | return value |
|ap_return_6     | out |   16| ap_ctrl_hs | mp7wrapped_unpack_in | return value |
|ap_return_7     | out |   16| ap_ctrl_hs | mp7wrapped_unpack_in | return value |
|ap_return_8     | out |   16| ap_ctrl_hs | mp7wrapped_unpack_in | return value |
|ap_return_9     | out |   16| ap_ctrl_hs | mp7wrapped_unpack_in | return value |
|ap_return_10    | out |   16| ap_ctrl_hs | mp7wrapped_unpack_in | return value |
|ap_return_11    | out |   16| ap_ctrl_hs | mp7wrapped_unpack_in | return value |
|ap_return_12    | out |   16| ap_ctrl_hs | mp7wrapped_unpack_in | return value |
|ap_return_13    | out |   16| ap_ctrl_hs | mp7wrapped_unpack_in | return value |
|ap_return_14    | out |   16| ap_ctrl_hs | mp7wrapped_unpack_in | return value |
|ap_return_15    | out |   16| ap_ctrl_hs | mp7wrapped_unpack_in | return value |
|ap_return_16    | out |   16| ap_ctrl_hs | mp7wrapped_unpack_in | return value |
|ap_return_17    | out |   16| ap_ctrl_hs | mp7wrapped_unpack_in | return value |
|ap_return_18    | out |   16| ap_ctrl_hs | mp7wrapped_unpack_in | return value |
|ap_return_19    | out |   16| ap_ctrl_hs | mp7wrapped_unpack_in | return value |
|ap_return_20    | out |   16| ap_ctrl_hs | mp7wrapped_unpack_in | return value |
|ap_return_21    | out |   10| ap_ctrl_hs | mp7wrapped_unpack_in | return value |
|ap_return_22    | out |   10| ap_ctrl_hs | mp7wrapped_unpack_in | return value |
|ap_return_23    | out |   10| ap_ctrl_hs | mp7wrapped_unpack_in | return value |
|ap_return_24    | out |   10| ap_ctrl_hs | mp7wrapped_unpack_in | return value |
|ap_return_25    | out |   10| ap_ctrl_hs | mp7wrapped_unpack_in | return value |
|ap_return_26    | out |   10| ap_ctrl_hs | mp7wrapped_unpack_in | return value |
|ap_return_27    | out |   10| ap_ctrl_hs | mp7wrapped_unpack_in | return value |
|ap_return_28    | out |   10| ap_ctrl_hs | mp7wrapped_unpack_in | return value |
|ap_return_29    | out |   10| ap_ctrl_hs | mp7wrapped_unpack_in | return value |
|ap_return_30    | out |   10| ap_ctrl_hs | mp7wrapped_unpack_in | return value |
|ap_return_31    | out |   10| ap_ctrl_hs | mp7wrapped_unpack_in | return value |
|ap_return_32    | out |   10| ap_ctrl_hs | mp7wrapped_unpack_in | return value |
|ap_return_33    | out |   10| ap_ctrl_hs | mp7wrapped_unpack_in | return value |
|ap_return_34    | out |   10| ap_ctrl_hs | mp7wrapped_unpack_in | return value |
|ap_return_35    | out |   10| ap_ctrl_hs | mp7wrapped_unpack_in | return value |
|ap_return_36    | out |   10| ap_ctrl_hs | mp7wrapped_unpack_in | return value |
|ap_return_37    | out |   10| ap_ctrl_hs | mp7wrapped_unpack_in | return value |
|ap_return_38    | out |   10| ap_ctrl_hs | mp7wrapped_unpack_in | return value |
|ap_return_39    | out |   10| ap_ctrl_hs | mp7wrapped_unpack_in | return value |
|ap_return_40    | out |   10| ap_ctrl_hs | mp7wrapped_unpack_in | return value |
|ap_return_41    | out |   16| ap_ctrl_hs | mp7wrapped_unpack_in | return value |
|ap_return_42    | out |   16| ap_ctrl_hs | mp7wrapped_unpack_in | return value |
|ap_return_43    | out |   16| ap_ctrl_hs | mp7wrapped_unpack_in | return value |
|ap_return_44    | out |   16| ap_ctrl_hs | mp7wrapped_unpack_in | return value |
|ap_return_45    | out |   16| ap_ctrl_hs | mp7wrapped_unpack_in | return value |
|ap_return_46    | out |   16| ap_ctrl_hs | mp7wrapped_unpack_in | return value |
|ap_return_47    | out |   16| ap_ctrl_hs | mp7wrapped_unpack_in | return value |
|ap_return_48    | out |   16| ap_ctrl_hs | mp7wrapped_unpack_in | return value |
|ap_return_49    | out |   16| ap_ctrl_hs | mp7wrapped_unpack_in | return value |
|ap_return_50    | out |   16| ap_ctrl_hs | mp7wrapped_unpack_in | return value |
|ap_return_51    | out |   10| ap_ctrl_hs | mp7wrapped_unpack_in | return value |
|ap_return_52    | out |   10| ap_ctrl_hs | mp7wrapped_unpack_in | return value |
|ap_return_53    | out |   10| ap_ctrl_hs | mp7wrapped_unpack_in | return value |
|ap_return_54    | out |   10| ap_ctrl_hs | mp7wrapped_unpack_in | return value |
|ap_return_55    | out |   10| ap_ctrl_hs | mp7wrapped_unpack_in | return value |
|ap_return_56    | out |   10| ap_ctrl_hs | mp7wrapped_unpack_in | return value |
|ap_return_57    | out |   10| ap_ctrl_hs | mp7wrapped_unpack_in | return value |
|ap_return_58    | out |   10| ap_ctrl_hs | mp7wrapped_unpack_in | return value |
|ap_return_59    | out |   10| ap_ctrl_hs | mp7wrapped_unpack_in | return value |
|ap_return_60    | out |   10| ap_ctrl_hs | mp7wrapped_unpack_in | return value |
|ap_return_61    | out |   10| ap_ctrl_hs | mp7wrapped_unpack_in | return value |
|ap_return_62    | out |   10| ap_ctrl_hs | mp7wrapped_unpack_in | return value |
|ap_return_63    | out |   10| ap_ctrl_hs | mp7wrapped_unpack_in | return value |
|ap_return_64    | out |   10| ap_ctrl_hs | mp7wrapped_unpack_in | return value |
|ap_return_65    | out |   10| ap_ctrl_hs | mp7wrapped_unpack_in | return value |
|ap_return_66    | out |   10| ap_ctrl_hs | mp7wrapped_unpack_in | return value |
|ap_return_67    | out |   10| ap_ctrl_hs | mp7wrapped_unpack_in | return value |
|ap_return_68    | out |   10| ap_ctrl_hs | mp7wrapped_unpack_in | return value |
|ap_return_69    | out |   10| ap_ctrl_hs | mp7wrapped_unpack_in | return value |
|ap_return_70    | out |   10| ap_ctrl_hs | mp7wrapped_unpack_in | return value |
|ap_return_71    | out |   16| ap_ctrl_hs | mp7wrapped_unpack_in | return value |
|ap_return_72    | out |   16| ap_ctrl_hs | mp7wrapped_unpack_in | return value |
|ap_return_73    | out |   16| ap_ctrl_hs | mp7wrapped_unpack_in | return value |
|ap_return_74    | out |   16| ap_ctrl_hs | mp7wrapped_unpack_in | return value |
|ap_return_75    | out |   16| ap_ctrl_hs | mp7wrapped_unpack_in | return value |
|ap_return_76    | out |   16| ap_ctrl_hs | mp7wrapped_unpack_in | return value |
|ap_return_77    | out |   16| ap_ctrl_hs | mp7wrapped_unpack_in | return value |
|ap_return_78    | out |   16| ap_ctrl_hs | mp7wrapped_unpack_in | return value |
|ap_return_79    | out |   16| ap_ctrl_hs | mp7wrapped_unpack_in | return value |
|ap_return_80    | out |   16| ap_ctrl_hs | mp7wrapped_unpack_in | return value |
|ap_return_81    | out |    1| ap_ctrl_hs | mp7wrapped_unpack_in | return value |
|ap_return_82    | out |    1| ap_ctrl_hs | mp7wrapped_unpack_in | return value |
|ap_return_83    | out |    1| ap_ctrl_hs | mp7wrapped_unpack_in | return value |
|ap_return_84    | out |    1| ap_ctrl_hs | mp7wrapped_unpack_in | return value |
|ap_return_85    | out |    1| ap_ctrl_hs | mp7wrapped_unpack_in | return value |
|ap_return_86    | out |    1| ap_ctrl_hs | mp7wrapped_unpack_in | return value |
|ap_return_87    | out |    1| ap_ctrl_hs | mp7wrapped_unpack_in | return value |
|ap_return_88    | out |    1| ap_ctrl_hs | mp7wrapped_unpack_in | return value |
|ap_return_89    | out |    1| ap_ctrl_hs | mp7wrapped_unpack_in | return value |
|ap_return_90    | out |    1| ap_ctrl_hs | mp7wrapped_unpack_in | return value |
|ap_return_91    | out |   16| ap_ctrl_hs | mp7wrapped_unpack_in | return value |
|ap_return_92    | out |   16| ap_ctrl_hs | mp7wrapped_unpack_in | return value |
|ap_return_93    | out |   16| ap_ctrl_hs | mp7wrapped_unpack_in | return value |
|ap_return_94    | out |   16| ap_ctrl_hs | mp7wrapped_unpack_in | return value |
|ap_return_95    | out |   16| ap_ctrl_hs | mp7wrapped_unpack_in | return value |
|ap_return_96    | out |   16| ap_ctrl_hs | mp7wrapped_unpack_in | return value |
|ap_return_97    | out |   16| ap_ctrl_hs | mp7wrapped_unpack_in | return value |
|ap_return_98    | out |   16| ap_ctrl_hs | mp7wrapped_unpack_in | return value |
|ap_return_99    | out |   16| ap_ctrl_hs | mp7wrapped_unpack_in | return value |
|ap_return_100   | out |   16| ap_ctrl_hs | mp7wrapped_unpack_in | return value |
|ap_return_101   | out |   16| ap_ctrl_hs | mp7wrapped_unpack_in | return value |
|ap_return_102   | out |   16| ap_ctrl_hs | mp7wrapped_unpack_in | return value |
|ap_return_103   | out |   16| ap_ctrl_hs | mp7wrapped_unpack_in | return value |
|ap_return_104   | out |   16| ap_ctrl_hs | mp7wrapped_unpack_in | return value |
|ap_return_105   | out |   16| ap_ctrl_hs | mp7wrapped_unpack_in | return value |
|ap_return_106   | out |   16| ap_ctrl_hs | mp7wrapped_unpack_in | return value |
|ap_return_107   | out |   16| ap_ctrl_hs | mp7wrapped_unpack_in | return value |
|ap_return_108   | out |   16| ap_ctrl_hs | mp7wrapped_unpack_in | return value |
|ap_return_109   | out |   16| ap_ctrl_hs | mp7wrapped_unpack_in | return value |
|ap_return_110   | out |   16| ap_ctrl_hs | mp7wrapped_unpack_in | return value |
|ap_return_111   | out |   16| ap_ctrl_hs | mp7wrapped_unpack_in | return value |
|ap_return_112   | out |   16| ap_ctrl_hs | mp7wrapped_unpack_in | return value |
|ap_return_113   | out |   16| ap_ctrl_hs | mp7wrapped_unpack_in | return value |
|ap_return_114   | out |   16| ap_ctrl_hs | mp7wrapped_unpack_in | return value |
|ap_return_115   | out |   16| ap_ctrl_hs | mp7wrapped_unpack_in | return value |
|ap_return_116   | out |   16| ap_ctrl_hs | mp7wrapped_unpack_in | return value |
|ap_return_117   | out |   16| ap_ctrl_hs | mp7wrapped_unpack_in | return value |
|ap_return_118   | out |   16| ap_ctrl_hs | mp7wrapped_unpack_in | return value |
|ap_return_119   | out |   10| ap_ctrl_hs | mp7wrapped_unpack_in | return value |
|ap_return_120   | out |   10| ap_ctrl_hs | mp7wrapped_unpack_in | return value |
|ap_return_121   | out |   10| ap_ctrl_hs | mp7wrapped_unpack_in | return value |
|ap_return_122   | out |   10| ap_ctrl_hs | mp7wrapped_unpack_in | return value |
|ap_return_123   | out |   10| ap_ctrl_hs | mp7wrapped_unpack_in | return value |
|ap_return_124   | out |   10| ap_ctrl_hs | mp7wrapped_unpack_in | return value |
|ap_return_125   | out |   10| ap_ctrl_hs | mp7wrapped_unpack_in | return value |
|ap_return_126   | out |   10| ap_ctrl_hs | mp7wrapped_unpack_in | return value |
|ap_return_127   | out |   10| ap_ctrl_hs | mp7wrapped_unpack_in | return value |
|ap_return_128   | out |   10| ap_ctrl_hs | mp7wrapped_unpack_in | return value |
|ap_return_129   | out |   10| ap_ctrl_hs | mp7wrapped_unpack_in | return value |
|ap_return_130   | out |   10| ap_ctrl_hs | mp7wrapped_unpack_in | return value |
|ap_return_131   | out |   10| ap_ctrl_hs | mp7wrapped_unpack_in | return value |
|ap_return_132   | out |   10| ap_ctrl_hs | mp7wrapped_unpack_in | return value |
|ap_return_133   | out |   10| ap_ctrl_hs | mp7wrapped_unpack_in | return value |
|ap_return_134   | out |   10| ap_ctrl_hs | mp7wrapped_unpack_in | return value |
|ap_return_135   | out |   10| ap_ctrl_hs | mp7wrapped_unpack_in | return value |
|ap_return_136   | out |   10| ap_ctrl_hs | mp7wrapped_unpack_in | return value |
|ap_return_137   | out |   10| ap_ctrl_hs | mp7wrapped_unpack_in | return value |
|ap_return_138   | out |   10| ap_ctrl_hs | mp7wrapped_unpack_in | return value |
|ap_return_139   | out |   10| ap_ctrl_hs | mp7wrapped_unpack_in | return value |
|ap_return_140   | out |   10| ap_ctrl_hs | mp7wrapped_unpack_in | return value |
|ap_return_141   | out |   10| ap_ctrl_hs | mp7wrapped_unpack_in | return value |
|ap_return_142   | out |   10| ap_ctrl_hs | mp7wrapped_unpack_in | return value |
|ap_return_143   | out |   10| ap_ctrl_hs | mp7wrapped_unpack_in | return value |
|ap_return_144   | out |   10| ap_ctrl_hs | mp7wrapped_unpack_in | return value |
|ap_return_145   | out |   10| ap_ctrl_hs | mp7wrapped_unpack_in | return value |
|ap_return_146   | out |   10| ap_ctrl_hs | mp7wrapped_unpack_in | return value |
|ap_return_147   | out |   10| ap_ctrl_hs | mp7wrapped_unpack_in | return value |
|ap_return_148   | out |   10| ap_ctrl_hs | mp7wrapped_unpack_in | return value |
|ap_return_149   | out |   10| ap_ctrl_hs | mp7wrapped_unpack_in | return value |
|ap_return_150   | out |   10| ap_ctrl_hs | mp7wrapped_unpack_in | return value |
|ap_return_151   | out |   10| ap_ctrl_hs | mp7wrapped_unpack_in | return value |
|ap_return_152   | out |   10| ap_ctrl_hs | mp7wrapped_unpack_in | return value |
|ap_return_153   | out |   10| ap_ctrl_hs | mp7wrapped_unpack_in | return value |
|ap_return_154   | out |   10| ap_ctrl_hs | mp7wrapped_unpack_in | return value |
|ap_return_155   | out |   10| ap_ctrl_hs | mp7wrapped_unpack_in | return value |
|ap_return_156   | out |   10| ap_ctrl_hs | mp7wrapped_unpack_in | return value |
|ap_return_157   | out |   10| ap_ctrl_hs | mp7wrapped_unpack_in | return value |
|ap_return_158   | out |   10| ap_ctrl_hs | mp7wrapped_unpack_in | return value |
|ap_return_159   | out |   10| ap_ctrl_hs | mp7wrapped_unpack_in | return value |
|ap_return_160   | out |   10| ap_ctrl_hs | mp7wrapped_unpack_in | return value |
|ap_return_161   | out |    1| ap_ctrl_hs | mp7wrapped_unpack_in | return value |
|ap_return_162   | out |    1| ap_ctrl_hs | mp7wrapped_unpack_in | return value |
|ap_return_163   | out |    1| ap_ctrl_hs | mp7wrapped_unpack_in | return value |
|ap_return_164   | out |    1| ap_ctrl_hs | mp7wrapped_unpack_in | return value |
|ap_return_165   | out |    1| ap_ctrl_hs | mp7wrapped_unpack_in | return value |
|ap_return_166   | out |    1| ap_ctrl_hs | mp7wrapped_unpack_in | return value |
|ap_return_167   | out |    1| ap_ctrl_hs | mp7wrapped_unpack_in | return value |
|ap_return_168   | out |    1| ap_ctrl_hs | mp7wrapped_unpack_in | return value |
|ap_return_169   | out |    1| ap_ctrl_hs | mp7wrapped_unpack_in | return value |
|ap_return_170   | out |    1| ap_ctrl_hs | mp7wrapped_unpack_in | return value |
|ap_return_171   | out |    1| ap_ctrl_hs | mp7wrapped_unpack_in | return value |
|ap_return_172   | out |    1| ap_ctrl_hs | mp7wrapped_unpack_in | return value |
|ap_return_173   | out |    1| ap_ctrl_hs | mp7wrapped_unpack_in | return value |
|ap_return_174   | out |    1| ap_ctrl_hs | mp7wrapped_unpack_in | return value |
|ap_return_175   | out |   16| ap_ctrl_hs | mp7wrapped_unpack_in | return value |
|ap_return_176   | out |   16| ap_ctrl_hs | mp7wrapped_unpack_in | return value |
|ap_return_177   | out |   10| ap_ctrl_hs | mp7wrapped_unpack_in | return value |
|ap_return_178   | out |   10| ap_ctrl_hs | mp7wrapped_unpack_in | return value |
|ap_return_179   | out |   10| ap_ctrl_hs | mp7wrapped_unpack_in | return value |
|ap_return_180   | out |   10| ap_ctrl_hs | mp7wrapped_unpack_in | return value |
|data_0_V_read   |  in |   64|   ap_none  |     data_0_V_read    |    scalar    |
|data_1_V_read   |  in |   64|   ap_none  |     data_1_V_read    |    scalar    |
|data_2_V_read   |  in |   64|   ap_none  |     data_2_V_read    |    scalar    |
|data_3_V_read   |  in |   64|   ap_none  |     data_3_V_read    |    scalar    |
|data_4_V_read   |  in |   64|   ap_none  |     data_4_V_read    |    scalar    |
|data_5_V_read   |  in |   64|   ap_none  |     data_5_V_read    |    scalar    |
|data_6_V_read   |  in |   64|   ap_none  |     data_6_V_read    |    scalar    |
|data_7_V_read   |  in |   64|   ap_none  |     data_7_V_read    |    scalar    |
|data_8_V_read   |  in |   64|   ap_none  |     data_8_V_read    |    scalar    |
|data_9_V_read   |  in |   64|   ap_none  |     data_9_V_read    |    scalar    |
|data_10_V_read  |  in |   64|   ap_none  |    data_10_V_read    |    scalar    |
|data_11_V_read  |  in |   64|   ap_none  |    data_11_V_read    |    scalar    |
|data_12_V_read  |  in |   64|   ap_none  |    data_12_V_read    |    scalar    |
|data_13_V_read  |  in |   64|   ap_none  |    data_13_V_read    |    scalar    |
|data_14_V_read  |  in |   64|   ap_none  |    data_14_V_read    |    scalar    |
|data_15_V_read  |  in |   64|   ap_none  |    data_15_V_read    |    scalar    |
|data_16_V_read  |  in |   64|   ap_none  |    data_16_V_read    |    scalar    |
|data_17_V_read  |  in |   64|   ap_none  |    data_17_V_read    |    scalar    |
|data_18_V_read  |  in |   64|   ap_none  |    data_18_V_read    |    scalar    |
|data_19_V_read  |  in |   64|   ap_none  |    data_19_V_read    |    scalar    |
|data_20_V_read  |  in |   64|   ap_none  |    data_20_V_read    |    scalar    |
|data_21_V_read  |  in |   64|   ap_none  |    data_21_V_read    |    scalar    |
|data_22_V_read  |  in |   64|   ap_none  |    data_22_V_read    |    scalar    |
|data_23_V_read  |  in |   64|   ap_none  |    data_23_V_read    |    scalar    |
|data_24_V_read  |  in |   64|   ap_none  |    data_24_V_read    |    scalar    |
|data_25_V_read  |  in |   64|   ap_none  |    data_25_V_read    |    scalar    |
|data_26_V_read  |  in |   64|   ap_none  |    data_26_V_read    |    scalar    |
|data_27_V_read  |  in |   64|   ap_none  |    data_27_V_read    |    scalar    |
|data_28_V_read  |  in |   64|   ap_none  |    data_28_V_read    |    scalar    |
|data_29_V_read  |  in |   64|   ap_none  |    data_29_V_read    |    scalar    |
|data_30_V_read  |  in |   64|   ap_none  |    data_30_V_read    |    scalar    |
|data_31_V_read  |  in |   64|   ap_none  |    data_31_V_read    |    scalar    |
|data_32_V_read  |  in |   64|   ap_none  |    data_32_V_read    |    scalar    |
|data_33_V_read  |  in |   64|   ap_none  |    data_33_V_read    |    scalar    |
|data_34_V_read  |  in |   64|   ap_none  |    data_34_V_read    |    scalar    |
|data_35_V_read  |  in |   64|   ap_none  |    data_35_V_read    |    scalar    |
|data_41_V_read  |  in |   64|   ap_none  |    data_41_V_read    |    scalar    |
+----------------+-----+-----+------------+----------------------+--------------+

