

================================================================
== Vivado HLS Report for 'spfph_mu2trk_linkste'
================================================================
* Date:           Wed Oct  2 15:13:02 2019

* Version:        2018.2 (Build 2258646 on Thu Jun 14 20:25:20 MDT 2018)
* Project:        l1pfpuppi-ku15p-II2-360MHz
* Solution:       solution
* Product family: kintexuplus
* Target device:  xcku15p-ffva1760-2-e


================================================================
== Performance Estimates
================================================================
+ Timing (ns): 
    * Summary: 
    +--------+-------+----------+------------+
    |  Clock | Target| Estimated| Uncertainty|
    +--------+-------+----------+------------+
    |ap_clk  |   2.70|     1.128|        1.50|
    +--------+-------+----------+------------+

+ Latency (clock cycles): 
    * Summary: 
    +-----+-----+-----+-----+----------+
    |  Latency  |  Interval | Pipeline |
    | min | max | min | max |   Type   |
    +-----+-----+-----+-----+----------+
    |    1|    1|    2|    2| function |
    +-----+-----+-----+-----+----------+

    + Detail: 
        * Instance: 
        N/A

        * Loop: 
        N/A



================================================================
== Utilization Estimates
================================================================
* Summary: 
+-----------------+---------+-------+---------+--------+-----+
|       Name      | BRAM_18K| DSP48E|    FF   |   LUT  | URAM|
+-----------------+---------+-------+---------+--------+-----+
|DSP              |        -|      -|        -|       -|    -|
|Expression       |        -|      -|        0|    3996|    -|
|FIFO             |        -|      -|        -|       -|    -|
|Instance         |        -|      -|        -|       -|    -|
|Memory           |        -|      -|        -|       -|    -|
|Multiplexer      |        -|      -|        -|      15|    -|
|Register         |        -|      -|      242|       -|    -|
+-----------------+---------+-------+---------+--------+-----+
|Total            |        0|      0|      242|    4011|    0|
+-----------------+---------+-------+---------+--------+-----+
|Available        |     1968|   1968|  1045440|  522720|  128|
+-----------------+---------+-------+---------+--------+-----+
|Utilization (%)  |        0|      0|    ~0   |   ~0   |    0|
+-----------------+---------+-------+---------+--------+-----+

+ Detail: 
    * Instance: 
    N/A

    * DSP48: 
    N/A

    * Memory: 
    N/A

    * FIFO: 
    N/A

    * Expression: 
    +-----------------------------+----------+-------+---+----+------------+------------+
    |        Variable Name        | Operation| DSP48E| FF| LUT| Bitwidth P0| Bitwidth P1|
    +-----------------------------+----------+-------+---+----+------------+------------+
    |or_cond25_fu_1896_p2         |    and   |      0|  0|   2|           1|           1|
    |or_cond28_fu_1982_p2         |    and   |      0|  0|   2|           1|           1|
    |or_cond30_fu_2069_p2         |    and   |      0|  0|   2|           1|           1|
    |or_cond32_fu_2156_p2         |    and   |      0|  0|   2|           1|           1|
    |or_cond34_fu_2243_p2         |    and   |      0|  0|   2|           1|           1|
    |or_cond36_fu_2330_p2         |    and   |      0|  0|   2|           1|           1|
    |or_cond38_fu_2417_p2         |    and   |      0|  0|   2|           1|           1|
    |or_cond40_fu_2504_p2         |    and   |      0|  0|   2|           1|           1|
    |or_cond42_fu_2591_p2         |    and   |      0|  0|   2|           1|           1|
    |or_cond46_fu_3030_p2         |    and   |      0|  0|   2|           1|           1|
    |or_cond48_fu_3124_p2         |    and   |      0|  0|   2|           1|           1|
    |or_cond50_fu_3219_p2         |    and   |      0|  0|   2|           1|           1|
    |or_cond52_fu_3314_p2         |    and   |      0|  0|   2|           1|           1|
    |or_cond54_fu_3409_p2         |    and   |      0|  0|   2|           1|           1|
    |or_cond56_fu_3504_p2         |    and   |      0|  0|   2|           1|           1|
    |or_cond58_fu_3599_p2         |    and   |      0|  0|   2|           1|           1|
    |or_cond60_fu_3694_p2         |    and   |      0|  0|   2|           1|           1|
    |or_cond62_fu_3789_p2         |    and   |      0|  0|   2|           1|           1|
    |p_tmp_46_0_0_s_fu_1798_p2    |    and   |      0|  0|   2|           1|           1|
    |p_tmp_46_0_10_s_fu_2624_p2   |    and   |      0|  0|   2|           1|           1|
    |p_tmp_46_0_11_s_fu_2700_p2   |    and   |      0|  0|   2|           1|           1|
    |p_tmp_46_0_1_s_fu_1886_p2    |    and   |      0|  0|   2|           1|           1|
    |p_tmp_46_0_2_s_fu_1968_p2    |    and   |      0|  0|   2|           1|           1|
    |p_tmp_46_0_3_s_fu_2050_p2    |    and   |      0|  0|   2|           1|           1|
    |p_tmp_46_0_4_s_fu_2132_p2    |    and   |      0|  0|   2|           1|           1|
    |p_tmp_46_0_5_s_fu_2214_p2    |    and   |      0|  0|   2|           1|           1|
    |p_tmp_46_0_6_s_fu_2296_p2    |    and   |      0|  0|   2|           1|           1|
    |p_tmp_46_0_7_s_fu_2378_p2    |    and   |      0|  0|   2|           1|           1|
    |p_tmp_46_0_8_s_fu_2460_p2    |    and   |      0|  0|   2|           1|           1|
    |p_tmp_46_0_9_s_fu_2542_p2    |    and   |      0|  0|   2|           1|           1|
    |p_tmp_46_1_0_s_fu_2916_p2    |    and   |      0|  0|   2|           1|           1|
    |p_tmp_46_1_10_s_fu_3822_p2   |    and   |      0|  0|   2|           1|           1|
    |p_tmp_46_1_11_s_fu_3906_p2   |    and   |      0|  0|   2|           1|           1|
    |p_tmp_46_1_1_s_fu_3012_p2    |    and   |      0|  0|   2|           1|           1|
    |p_tmp_46_1_2_s_fu_3102_p2    |    and   |      0|  0|   2|           1|           1|
    |p_tmp_46_1_3_s_fu_3192_p2    |    and   |      0|  0|   2|           1|           1|
    |p_tmp_46_1_4_s_fu_3282_p2    |    and   |      0|  0|   2|           1|           1|
    |p_tmp_46_1_5_s_fu_3372_p2    |    and   |      0|  0|   2|           1|           1|
    |p_tmp_46_1_6_s_fu_3462_p2    |    and   |      0|  0|   2|           1|           1|
    |p_tmp_46_1_7_s_fu_3552_p2    |    and   |      0|  0|   2|           1|           1|
    |p_tmp_46_1_8_s_fu_3642_p2    |    and   |      0|  0|   2|           1|           1|
    |p_tmp_46_1_9_s_fu_3732_p2    |    and   |      0|  0|   2|           1|           1|
    |tmp100_fu_2489_p2            |    and   |      0|  0|   2|           1|           1|
    |tmp103_fu_2561_p2            |    and   |      0|  0|   2|           1|           1|
    |tmp104_fu_2548_p2            |    and   |      0|  0|   2|           1|           1|
    |tmp105_fu_2556_p2            |    and   |      0|  0|   2|           1|           1|
    |tmp106_fu_2552_p2            |    and   |      0|  0|   2|           1|           1|
    |tmp107_fu_2585_p2            |    and   |      0|  0|   2|           1|           1|
    |tmp108_fu_2571_p2            |    and   |      0|  0|   2|           1|           1|
    |tmp109_fu_2567_p2            |    and   |      0|  0|   2|           1|           1|
    |tmp110_fu_2580_p2            |    and   |      0|  0|   2|           1|           1|
    |tmp111_fu_2576_p2            |    and   |      0|  0|   2|           1|           1|
    |tmp113_fu_2663_p2            |    and   |      0|  0|   2|           1|           1|
    |tmp114_fu_2644_p2            |    and   |      0|  0|   2|           1|           1|
    |tmp115_fu_2640_p2            |    and   |      0|  0|   2|           1|           1|
    |tmp116_fu_2657_p2            |    and   |      0|  0|   2|           1|           1|
    |tmp117_fu_2649_p2            |    and   |      0|  0|   2|           1|           1|
    |tmp118_fu_2653_p2            |    and   |      0|  0|   2|           1|           1|
    |tmp119_fu_2694_p2            |    and   |      0|  0|   2|           1|           1|
    |tmp120_fu_2673_p2            |    and   |      0|  0|   2|           1|           1|
    |tmp121_fu_2669_p2            |    and   |      0|  0|   2|           1|           1|
    |tmp122_fu_2688_p2            |    and   |      0|  0|   2|           1|           1|
    |tmp123_fu_2678_p2            |    and   |      0|  0|   2|           1|           1|
    |tmp124_fu_2682_p2            |    and   |      0|  0|   2|           1|           1|
    |tmp125_fu_2734_p2            |    and   |      0|  0|   2|           1|           1|
    |tmp126_fu_2715_p2            |    and   |      0|  0|   2|           1|           1|
    |tmp127_fu_2711_p2            |    and   |      0|  0|   2|           1|           1|
    |tmp128_fu_2728_p2            |    and   |      0|  0|   2|           1|           1|
    |tmp129_fu_2720_p2            |    and   |      0|  0|   2|           1|           1|
    |tmp130_fu_2724_p2            |    and   |      0|  0|   2|           1|           1|
    |tmp131_fu_2764_p2            |    and   |      0|  0|   2|           1|           1|
    |tmp132_fu_2744_p2            |    and   |      0|  0|   2|           1|           1|
    |tmp133_fu_2740_p2            |    and   |      0|  0|   2|           1|           1|
    |tmp134_fu_2758_p2            |    and   |      0|  0|   2|           1|           1|
    |tmp135_fu_2749_p2            |    and   |      0|  0|   2|           1|           1|
    |tmp136_fu_2753_p2            |    and   |      0|  0|   2|           1|           1|
    |tmp137_fu_2799_p2            |    and   |      0|  0|   2|           1|           1|
    |tmp138_fu_2780_p2            |    and   |      0|  0|   2|           1|           1|
    |tmp139_fu_2785_p2            |    and   |      0|  0|   2|           1|           1|
    |tmp140_fu_2793_p2            |    and   |      0|  0|   2|           1|           1|
    |tmp141_fu_2789_p2            |    and   |      0|  0|   2|           1|           1|
    |tmp142_fu_2805_p2            |    and   |      0|  0|   2|           1|           1|
    |tmp143_fu_2828_p2            |    and   |      0|  0|   2|           1|           1|
    |tmp144_fu_2809_p2            |    and   |      0|  0|   2|           1|           1|
    |tmp145_fu_2814_p2            |    and   |      0|  0|   2|           1|           1|
    |tmp146_fu_2822_p2            |    and   |      0|  0|   2|           1|           1|
    |tmp147_fu_2818_p2            |    and   |      0|  0|   2|           1|           1|
    |tmp170_fu_3026_p2            |    and   |      0|  0|   2|           1|           1|
    |tmp180_fu_3116_p2            |    and   |      0|  0|   2|           1|           1|
    |tmp181_fu_3120_p2            |    and   |      0|  0|   2|           1|           1|
    |tmp190_fu_3206_p2            |    and   |      0|  0|   2|           1|           1|
    |tmp191_fu_3210_p2            |    and   |      0|  0|   2|           1|           1|
    |tmp192_fu_3214_p2            |    and   |      0|  0|   2|           1|           1|
    |tmp200_fu_3296_p2            |    and   |      0|  0|   2|           1|           1|
    |tmp201_fu_3300_p2            |    and   |      0|  0|   2|           1|           1|
    |tmp202_fu_3305_p2            |    and   |      0|  0|   2|           1|           1|
    |tmp203_fu_3309_p2            |    and   |      0|  0|   2|           1|           1|
    |tmp210_fu_3386_p2            |    and   |      0|  0|   2|           1|           1|
    |tmp211_fu_3390_p2            |    and   |      0|  0|   2|           1|           1|
    |tmp212_fu_3395_p2            |    and   |      0|  0|   2|           1|           1|
    |tmp213_fu_3403_p2            |    and   |      0|  0|   2|           1|           1|
    |tmp214_fu_3399_p2            |    and   |      0|  0|   2|           1|           1|
    |tmp220_fu_3476_p2            |    and   |      0|  0|   2|           1|           1|
    |tmp221_fu_3484_p2            |    and   |      0|  0|   2|           1|           1|
    |tmp222_fu_3480_p2            |    and   |      0|  0|   2|           1|           1|
    |tmp223_fu_3490_p2            |    and   |      0|  0|   2|           1|           1|
    |tmp224_fu_3498_p2            |    and   |      0|  0|   2|           1|           1|
    |tmp225_fu_3494_p2            |    and   |      0|  0|   2|           1|           1|
    |tmp230_fu_3566_p2            |    and   |      0|  0|   2|           1|           1|
    |tmp231_fu_3574_p2            |    and   |      0|  0|   2|           1|           1|
    |tmp232_fu_3570_p2            |    and   |      0|  0|   2|           1|           1|
    |tmp233_fu_3580_p2            |    and   |      0|  0|   2|           1|           1|
    |tmp234_fu_3593_p2            |    and   |      0|  0|   2|           1|           1|
    |tmp235_fu_3584_p2            |    and   |      0|  0|   2|           1|           1|
    |tmp236_fu_3588_p2            |    and   |      0|  0|   2|           1|           1|
    |tmp23_fu_1892_p2             |    and   |      0|  0|   2|           1|           1|
    |tmp240_fu_3656_p2            |    and   |      0|  0|   2|           1|           1|
    |tmp241_fu_3669_p2            |    and   |      0|  0|   2|           1|           1|
    |tmp242_fu_3660_p2            |    and   |      0|  0|   2|           1|           1|
    |tmp243_fu_3664_p2            |    and   |      0|  0|   2|           1|           1|
    |tmp244_fu_3675_p2            |    and   |      0|  0|   2|           1|           1|
    |tmp245_fu_3688_p2            |    and   |      0|  0|   2|           1|           1|
    |tmp246_fu_3679_p2            |    and   |      0|  0|   2|           1|           1|
    |tmp247_fu_3683_p2            |    and   |      0|  0|   2|           1|           1|
    |tmp250_fu_3746_p2            |    and   |      0|  0|   2|           1|           1|
    |tmp251_fu_3759_p2            |    and   |      0|  0|   2|           1|           1|
    |tmp252_fu_3750_p2            |    and   |      0|  0|   2|           1|           1|
    |tmp253_fu_3754_p2            |    and   |      0|  0|   2|           1|           1|
    |tmp254_fu_3765_p2            |    and   |      0|  0|   2|           1|           1|
    |tmp255_fu_3783_p2            |    and   |      0|  0|   2|           1|           1|
    |tmp256_fu_3769_p2            |    and   |      0|  0|   2|           1|           1|
    |tmp257_fu_3774_p2            |    and   |      0|  0|   2|           1|           1|
    |tmp258_fu_3778_p2            |    and   |      0|  0|   2|           1|           1|
    |tmp260_fu_3846_p2            |    and   |      0|  0|   2|           1|           1|
    |tmp261_fu_3869_p2            |    and   |      0|  0|   2|           1|           1|
    |tmp262_fu_3850_p2            |    and   |      0|  0|   2|           1|           1|
    |tmp263_fu_3855_p2            |    and   |      0|  0|   2|           1|           1|
    |tmp264_fu_3863_p2            |    and   |      0|  0|   2|           1|           1|
    |tmp265_fu_3859_p2            |    and   |      0|  0|   2|           1|           1|
    |tmp266_fu_3875_p2            |    and   |      0|  0|   2|           1|           1|
    |tmp267_fu_3900_p2            |    and   |      0|  0|   2|           1|           1|
    |tmp268_fu_3879_p2            |    and   |      0|  0|   2|           1|           1|
    |tmp269_fu_3884_p2            |    and   |      0|  0|   2|           1|           1|
    |tmp270_fu_3894_p2            |    and   |      0|  0|   2|           1|           1|
    |tmp271_fu_3888_p2            |    and   |      0|  0|   2|           1|           1|
    |tmp272_fu_3925_p2            |    and   |      0|  0|   2|           1|           1|
    |tmp273_fu_3948_p2            |    and   |      0|  0|   2|           1|           1|
    |tmp274_fu_3929_p2            |    and   |      0|  0|   2|           1|           1|
    |tmp275_fu_3934_p2            |    and   |      0|  0|   2|           1|           1|
    |tmp276_fu_3942_p2            |    and   |      0|  0|   2|           1|           1|
    |tmp277_fu_3938_p2            |    and   |      0|  0|   2|           1|           1|
    |tmp278_fu_3954_p2            |    and   |      0|  0|   2|           1|           1|
    |tmp279_fu_3978_p2            |    and   |      0|  0|   2|           1|           1|
    |tmp280_fu_3958_p2            |    and   |      0|  0|   2|           1|           1|
    |tmp281_fu_3963_p2            |    and   |      0|  0|   2|           1|           1|
    |tmp282_fu_3972_p2            |    and   |      0|  0|   2|           1|           1|
    |tmp283_fu_3967_p2            |    and   |      0|  0|   2|           1|           1|
    |tmp284_fu_3998_p2            |    and   |      0|  0|   2|           1|           1|
    |tmp285_fu_4021_p2            |    and   |      0|  0|   2|           1|           1|
    |tmp286_fu_4002_p2            |    and   |      0|  0|   2|           1|           1|
    |tmp287_fu_4007_p2            |    and   |      0|  0|   2|           1|           1|
    |tmp288_fu_4015_p2            |    and   |      0|  0|   2|           1|           1|
    |tmp289_fu_4011_p2            |    and   |      0|  0|   2|           1|           1|
    |tmp290_fu_4027_p2            |    and   |      0|  0|   2|           1|           1|
    |tmp291_fu_4050_p2            |    and   |      0|  0|   2|           1|           1|
    |tmp292_fu_4031_p2            |    and   |      0|  0|   2|           1|           1|
    |tmp293_fu_4036_p2            |    and   |      0|  0|   2|           1|           1|
    |tmp294_fu_4044_p2            |    and   |      0|  0|   2|           1|           1|
    |tmp295_fu_4040_p2            |    and   |      0|  0|   2|           1|           1|
    |tmp33_fu_1974_p2             |    and   |      0|  0|   2|           1|           1|
    |tmp34_fu_1978_p2             |    and   |      0|  0|   2|           1|           1|
    |tmp43_fu_2056_p2             |    and   |      0|  0|   2|           1|           1|
    |tmp44_fu_2064_p2             |    and   |      0|  0|   2|           1|           1|
    |tmp45_fu_2060_p2             |    and   |      0|  0|   2|           1|           1|
    |tmp53_fu_2142_p2             |    and   |      0|  0|   2|           1|           1|
    |tmp54_fu_2138_p2             |    and   |      0|  0|   2|           1|           1|
    |tmp55_fu_2151_p2             |    and   |      0|  0|   2|           1|           1|
    |tmp56_fu_2147_p2             |    and   |      0|  0|   2|           1|           1|
    |tmp63_fu_2224_p2             |    and   |      0|  0|   2|           1|           1|
    |tmp64_fu_2220_p2             |    and   |      0|  0|   2|           1|           1|
    |tmp65_fu_2237_p2             |    and   |      0|  0|   2|           1|           1|
    |tmp66_fu_2229_p2             |    and   |      0|  0|   2|           1|           1|
    |tmp67_fu_2233_p2             |    and   |      0|  0|   2|           1|           1|
    |tmp73_fu_2310_p2             |    and   |      0|  0|   2|           1|           1|
    |tmp74_fu_2302_p2             |    and   |      0|  0|   2|           1|           1|
    |tmp75_fu_2306_p2             |    and   |      0|  0|   2|           1|           1|
    |tmp76_fu_2324_p2             |    and   |      0|  0|   2|           1|           1|
    |tmp77_fu_2316_p2             |    and   |      0|  0|   2|           1|           1|
    |tmp78_fu_2320_p2             |    and   |      0|  0|   2|           1|           1|
    |tmp83_fu_2392_p2             |    and   |      0|  0|   2|           1|           1|
    |tmp84_fu_2384_p2             |    and   |      0|  0|   2|           1|           1|
    |tmp85_fu_2388_p2             |    and   |      0|  0|   2|           1|           1|
    |tmp86_fu_2411_p2             |    and   |      0|  0|   2|           1|           1|
    |tmp87_fu_2398_p2             |    and   |      0|  0|   2|           1|           1|
    |tmp88_fu_2406_p2             |    and   |      0|  0|   2|           1|           1|
    |tmp89_fu_2402_p2             |    and   |      0|  0|   2|           1|           1|
    |tmp93_fu_2479_p2             |    and   |      0|  0|   2|           1|           1|
    |tmp94_fu_2466_p2             |    and   |      0|  0|   2|           1|           1|
    |tmp95_fu_2474_p2             |    and   |      0|  0|   2|           1|           1|
    |tmp96_fu_2470_p2             |    and   |      0|  0|   2|           1|           1|
    |tmp97_fu_2498_p2             |    and   |      0|  0|   2|           1|           1|
    |tmp98_fu_2485_p2             |    and   |      0|  0|   2|           1|           1|
    |tmp99_fu_2493_p2             |    and   |      0|  0|   2|           1|           1|
    |tmp_44_0_13_12_s_fu_2834_p2  |    and   |      0|  0|   2|           1|           1|
    |tmp_44_1_13_12_s_fu_4056_p2  |    and   |      0|  0|   2|           1|           1|
    |tmp_46_0_12_13_s_fu_2770_p2  |    and   |      0|  0|   2|           1|           1|
    |tmp_46_1_12_13_s_fu_3984_p2  |    and   |      0|  0|   2|           1|           1|
    |tmp_fu_2776_p2               |    and   |      0|  0|   2|           1|           1|
    |link_0_10_fu_886_p2          |   icmp   |      0|  0|  13|          16|          16|
    |link_0_11_fu_904_p2          |   icmp   |      0|  0|  13|          16|          16|
    |link_0_1_fu_868_p2           |   icmp   |      0|  0|  13|          16|          16|
    |link_0_2_fu_436_p2           |   icmp   |      0|  0|  13|          16|          16|
    |link_0_3_fu_508_p2           |   icmp   |      0|  0|  13|          16|          16|
    |link_0_4_fu_574_p2           |   icmp   |      0|  0|  13|          16|          16|
    |link_0_5_fu_634_p2           |   icmp   |      0|  0|  13|          16|          16|
    |link_0_6_fu_688_p2           |   icmp   |      0|  0|  13|          16|          16|
    |link_0_7_fu_736_p2           |   icmp   |      0|  0|  13|          16|          16|
    |link_0_8_fu_778_p2           |   icmp   |      0|  0|  13|          16|          16|
    |link_0_9_fu_814_p2           |   icmp   |      0|  0|  13|          16|          16|
    |link_0_s_fu_844_p2           |   icmp   |      0|  0|  13|          16|          16|
    |link_12_10_fu_1620_p2        |   icmp   |      0|  0|  13|          16|          16|
    |link_12_11_fu_1638_p2        |   icmp   |      0|  0|  13|          16|          16|
    |link_12_1_fu_1602_p2         |   icmp   |      0|  0|  13|          16|          16|
    |link_12_2_fu_1170_p2         |   icmp   |      0|  0|  13|          16|          16|
    |link_12_3_fu_1242_p2         |   icmp   |      0|  0|  13|          16|          16|
    |link_12_4_fu_1308_p2         |   icmp   |      0|  0|  13|          16|          16|
    |link_12_5_fu_1368_p2         |   icmp   |      0|  0|  13|          16|          16|
    |link_12_6_fu_1422_p2         |   icmp   |      0|  0|  13|          16|          16|
    |link_12_7_fu_1470_p2         |   icmp   |      0|  0|  13|          16|          16|
    |link_12_8_fu_1512_p2         |   icmp   |      0|  0|  13|          16|          16|
    |link_12_9_fu_1548_p2         |   icmp   |      0|  0|  13|          16|          16|
    |link_12_s_fu_1578_p2         |   icmp   |      0|  0|  13|          16|          16|
    |slt10_fu_772_p2              |   icmp   |      0|  0|  13|          16|          16|
    |slt11_fu_808_p2              |   icmp   |      0|  0|  13|          16|          16|
    |slt12_fu_838_p2              |   icmp   |      0|  0|  13|          16|          16|
    |slt13_fu_862_p2              |   icmp   |      0|  0|  13|          16|          16|
    |slt14_fu_874_p2              |   icmp   |      0|  0|  13|          16|          16|
    |slt15_fu_880_p2              |   icmp   |      0|  0|  13|          16|          16|
    |slt16_fu_898_p2              |   icmp   |      0|  0|  13|          16|          16|
    |slt17_fu_1002_p2             |   icmp   |      0|  0|  13|          16|          16|
    |slt18_fu_1080_p2             |   icmp   |      0|  0|  13|          16|          16|
    |slt19_fu_1086_p2             |   icmp   |      0|  0|  13|          16|          16|
    |slt1_fu_346_p2               |   icmp   |      0|  0|  13|          16|          16|
    |slt20_fu_1092_p2             |   icmp   |      0|  0|  13|          16|          16|
    |slt21_fu_1164_p2             |   icmp   |      0|  0|  13|          16|          16|
    |slt22_fu_1236_p2             |   icmp   |      0|  0|  13|          16|          16|
    |slt23_fu_1302_p2             |   icmp   |      0|  0|  13|          16|          16|
    |slt24_fu_1362_p2             |   icmp   |      0|  0|  13|          16|          16|
    |slt25_fu_1416_p2             |   icmp   |      0|  0|  13|          16|          16|
    |slt26_fu_1464_p2             |   icmp   |      0|  0|  13|          16|          16|
    |slt27_fu_1506_p2             |   icmp   |      0|  0|  13|          16|          16|
    |slt28_fu_1542_p2             |   icmp   |      0|  0|  13|          16|          16|
    |slt29_fu_1572_p2             |   icmp   |      0|  0|  13|          16|          16|
    |slt2_fu_352_p2               |   icmp   |      0|  0|  13|          16|          16|
    |slt30_fu_1596_p2             |   icmp   |      0|  0|  13|          16|          16|
    |slt31_fu_1608_p2             |   icmp   |      0|  0|  13|          16|          16|
    |slt32_fu_1614_p2             |   icmp   |      0|  0|  13|          16|          16|
    |slt33_fu_1632_p2             |   icmp   |      0|  0|  13|          16|          16|
    |slt3_fu_358_p2               |   icmp   |      0|  0|  13|          16|          16|
    |slt4_fu_430_p2               |   icmp   |      0|  0|  13|          16|          16|
    |slt5_fu_502_p2               |   icmp   |      0|  0|  13|          16|          16|
    |slt6_fu_568_p2               |   icmp   |      0|  0|  13|          16|          16|
    |slt7_fu_628_p2               |   icmp   |      0|  0|  13|          16|          16|
    |slt8_fu_682_p2               |   icmp   |      0|  0|  13|          16|          16|
    |slt9_fu_730_p2               |   icmp   |      0|  0|  13|          16|          16|
    |slt_fu_268_p2                |   icmp   |      0|  0|  13|          16|          16|
    |tmp_44_0_12_s_fu_892_p2      |   icmp   |      0|  0|  13|          16|          16|
    |tmp_44_0_13_10_fu_976_p2     |   icmp   |      0|  0|  13|          16|          16|
    |tmp_44_0_13_11_fu_982_p2     |   icmp   |      0|  0|  13|          16|          16|
    |tmp_44_0_13_1_fu_916_p2      |   icmp   |      0|  0|  13|          16|          16|
    |tmp_44_0_13_2_fu_922_p2      |   icmp   |      0|  0|  13|          16|          16|
    |tmp_44_0_13_3_fu_928_p2      |   icmp   |      0|  0|  13|          16|          16|
    |tmp_44_0_13_4_fu_934_p2      |   icmp   |      0|  0|  13|          16|          16|
    |tmp_44_0_13_5_fu_940_p2      |   icmp   |      0|  0|  13|          16|          16|
    |tmp_44_0_13_6_fu_946_p2      |   icmp   |      0|  0|  13|          16|          16|
    |tmp_44_0_13_7_fu_952_p2      |   icmp   |      0|  0|  13|          16|          16|
    |tmp_44_0_13_8_fu_958_p2      |   icmp   |      0|  0|  13|          16|          16|
    |tmp_44_0_13_9_fu_964_p2      |   icmp   |      0|  0|  13|          16|          16|
    |tmp_44_0_13_s_fu_970_p2      |   icmp   |      0|  0|  13|          16|          16|
    |tmp_44_0_s_fu_910_p2         |   icmp   |      0|  0|  13|          16|          16|
    |tmp_44_1_12_s_fu_1626_p2     |   icmp   |      0|  0|  13|          16|          16|
    |tmp_44_1_13_10_fu_1710_p2    |   icmp   |      0|  0|  13|          16|          16|
    |tmp_44_1_13_11_fu_1716_p2    |   icmp   |      0|  0|  13|          16|          16|
    |tmp_44_1_13_1_fu_1650_p2     |   icmp   |      0|  0|  13|          16|          16|
    |tmp_44_1_13_2_fu_1656_p2     |   icmp   |      0|  0|  13|          16|          16|
    |tmp_44_1_13_3_fu_1662_p2     |   icmp   |      0|  0|  13|          16|          16|
    |tmp_44_1_13_4_fu_1668_p2     |   icmp   |      0|  0|  13|          16|          16|
    |tmp_44_1_13_5_fu_1674_p2     |   icmp   |      0|  0|  13|          16|          16|
    |tmp_44_1_13_6_fu_1680_p2     |   icmp   |      0|  0|  13|          16|          16|
    |tmp_44_1_13_7_fu_1686_p2     |   icmp   |      0|  0|  13|          16|          16|
    |tmp_44_1_13_8_fu_1692_p2     |   icmp   |      0|  0|  13|          16|          16|
    |tmp_44_1_13_9_fu_1698_p2     |   icmp   |      0|  0|  13|          16|          16|
    |tmp_44_1_13_s_fu_1704_p2     |   icmp   |      0|  0|  13|          16|          16|
    |tmp_44_1_s_fu_1644_p2        |   icmp   |      0|  0|  13|          16|          16|
    |tmp_46_0_0_10_fu_334_p2      |   icmp   |      0|  0|  13|          16|          16|
    |tmp_46_0_0_11_fu_340_p2      |   icmp   |      0|  0|  13|          16|          16|
    |tmp_46_0_0_1_fu_274_p2       |   icmp   |      0|  0|  13|          16|          16|
    |tmp_46_0_0_2_fu_280_p2       |   icmp   |      0|  0|  13|          16|          16|
    |tmp_46_0_0_3_fu_286_p2       |   icmp   |      0|  0|  13|          16|          16|
    |tmp_46_0_0_4_fu_292_p2       |   icmp   |      0|  0|  13|          16|          16|
    |tmp_46_0_0_5_fu_298_p2       |   icmp   |      0|  0|  13|          16|          16|
    |tmp_46_0_0_6_fu_304_p2       |   icmp   |      0|  0|  13|          16|          16|
    |tmp_46_0_0_7_fu_310_p2       |   icmp   |      0|  0|  13|          16|          16|
    |tmp_46_0_0_8_fu_316_p2       |   icmp   |      0|  0|  13|          16|          16|
    |tmp_46_0_0_9_fu_322_p2       |   icmp   |      0|  0|  13|          16|          16|
    |tmp_46_0_0_s_fu_328_p2       |   icmp   |      0|  0|  13|          16|          16|
    |tmp_46_0_10_1_fu_856_p2      |   icmp   |      0|  0|  13|          16|          16|
    |tmp_46_0_10_s_fu_850_p2      |   icmp   |      0|  0|  13|          16|          16|
    |tmp_46_0_1_10_fu_424_p2      |   icmp   |      0|  0|  13|          16|          16|
    |tmp_46_0_1_1_fu_418_p2       |   icmp   |      0|  0|  13|          16|          16|
    |tmp_46_0_1_2_fu_364_p2       |   icmp   |      0|  0|  13|          16|          16|
    |tmp_46_0_1_3_fu_370_p2       |   icmp   |      0|  0|  13|          16|          16|
    |tmp_46_0_1_4_fu_376_p2       |   icmp   |      0|  0|  13|          16|          16|
    |tmp_46_0_1_5_fu_382_p2       |   icmp   |      0|  0|  13|          16|          16|
    |tmp_46_0_1_6_fu_388_p2       |   icmp   |      0|  0|  13|          16|          16|
    |tmp_46_0_1_7_fu_394_p2       |   icmp   |      0|  0|  13|          16|          16|
    |tmp_46_0_1_8_fu_400_p2       |   icmp   |      0|  0|  13|          16|          16|
    |tmp_46_0_1_9_fu_406_p2       |   icmp   |      0|  0|  13|          16|          16|
    |tmp_46_0_1_s_fu_412_p2       |   icmp   |      0|  0|  13|          16|          16|
    |tmp_46_0_2_1_fu_490_p2       |   icmp   |      0|  0|  13|          16|          16|
    |tmp_46_0_2_2_fu_496_p2       |   icmp   |      0|  0|  13|          16|          16|
    |tmp_46_0_2_3_fu_442_p2       |   icmp   |      0|  0|  13|          16|          16|
    |tmp_46_0_2_4_fu_448_p2       |   icmp   |      0|  0|  13|          16|          16|
    |tmp_46_0_2_5_fu_454_p2       |   icmp   |      0|  0|  13|          16|          16|
    |tmp_46_0_2_6_fu_460_p2       |   icmp   |      0|  0|  13|          16|          16|
    |tmp_46_0_2_7_fu_466_p2       |   icmp   |      0|  0|  13|          16|          16|
    |tmp_46_0_2_8_fu_472_p2       |   icmp   |      0|  0|  13|          16|          16|
    |tmp_46_0_2_9_fu_478_p2       |   icmp   |      0|  0|  13|          16|          16|
    |tmp_46_0_2_s_fu_484_p2       |   icmp   |      0|  0|  13|          16|          16|
    |tmp_46_0_3_1_fu_556_p2       |   icmp   |      0|  0|  13|          16|          16|
    |tmp_46_0_3_2_fu_562_p2       |   icmp   |      0|  0|  13|          16|          16|
    |tmp_46_0_3_4_fu_514_p2       |   icmp   |      0|  0|  13|          16|          16|
    |tmp_46_0_3_5_fu_520_p2       |   icmp   |      0|  0|  13|          16|          16|
    |tmp_46_0_3_6_fu_526_p2       |   icmp   |      0|  0|  13|          16|          16|
    |tmp_46_0_3_7_fu_532_p2       |   icmp   |      0|  0|  13|          16|          16|
    |tmp_46_0_3_8_fu_538_p2       |   icmp   |      0|  0|  13|          16|          16|
    |tmp_46_0_3_9_fu_544_p2       |   icmp   |      0|  0|  13|          16|          16|
    |tmp_46_0_3_s_fu_550_p2       |   icmp   |      0|  0|  13|          16|          16|
    |tmp_46_0_4_1_fu_616_p2       |   icmp   |      0|  0|  13|          16|          16|
    |tmp_46_0_4_2_fu_622_p2       |   icmp   |      0|  0|  13|          16|          16|
    |tmp_46_0_4_5_fu_580_p2       |   icmp   |      0|  0|  13|          16|          16|
    |tmp_46_0_4_6_fu_586_p2       |   icmp   |      0|  0|  13|          16|          16|
    |tmp_46_0_4_7_fu_592_p2       |   icmp   |      0|  0|  13|          16|          16|
    |tmp_46_0_4_8_fu_598_p2       |   icmp   |      0|  0|  13|          16|          16|
    |tmp_46_0_4_9_fu_604_p2       |   icmp   |      0|  0|  13|          16|          16|
    |tmp_46_0_4_s_fu_610_p2       |   icmp   |      0|  0|  13|          16|          16|
    |tmp_46_0_5_1_fu_670_p2       |   icmp   |      0|  0|  13|          16|          16|
    |tmp_46_0_5_2_fu_676_p2       |   icmp   |      0|  0|  13|          16|          16|
    |tmp_46_0_5_6_fu_640_p2       |   icmp   |      0|  0|  13|          16|          16|
    |tmp_46_0_5_7_fu_646_p2       |   icmp   |      0|  0|  13|          16|          16|
    |tmp_46_0_5_8_fu_652_p2       |   icmp   |      0|  0|  13|          16|          16|
    |tmp_46_0_5_9_fu_658_p2       |   icmp   |      0|  0|  13|          16|          16|
    |tmp_46_0_5_s_fu_664_p2       |   icmp   |      0|  0|  13|          16|          16|
    |tmp_46_0_6_1_fu_718_p2       |   icmp   |      0|  0|  13|          16|          16|
    |tmp_46_0_6_2_fu_724_p2       |   icmp   |      0|  0|  13|          16|          16|
    |tmp_46_0_6_7_fu_694_p2       |   icmp   |      0|  0|  13|          16|          16|
    |tmp_46_0_6_8_fu_700_p2       |   icmp   |      0|  0|  13|          16|          16|
    |tmp_46_0_6_9_fu_706_p2       |   icmp   |      0|  0|  13|          16|          16|
    |tmp_46_0_6_s_fu_712_p2       |   icmp   |      0|  0|  13|          16|          16|
    |tmp_46_0_7_1_fu_760_p2       |   icmp   |      0|  0|  13|          16|          16|
    |tmp_46_0_7_2_fu_766_p2       |   icmp   |      0|  0|  13|          16|          16|
    |tmp_46_0_7_8_fu_742_p2       |   icmp   |      0|  0|  13|          16|          16|
    |tmp_46_0_7_9_fu_748_p2       |   icmp   |      0|  0|  13|          16|          16|
    |tmp_46_0_7_s_fu_754_p2       |   icmp   |      0|  0|  13|          16|          16|
    |tmp_46_0_8_1_fu_796_p2       |   icmp   |      0|  0|  13|          16|          16|
    |tmp_46_0_8_2_fu_802_p2       |   icmp   |      0|  0|  13|          16|          16|
    |tmp_46_0_8_9_fu_784_p2       |   icmp   |      0|  0|  13|          16|          16|
    |tmp_46_0_8_s_fu_790_p2       |   icmp   |      0|  0|  13|          16|          16|
    |tmp_46_0_9_1_fu_826_p2       |   icmp   |      0|  0|  13|          16|          16|
    |tmp_46_0_9_2_fu_832_p2       |   icmp   |      0|  0|  13|          16|          16|
    |tmp_46_0_9_s_fu_820_p2       |   icmp   |      0|  0|  13|          16|          16|
    |tmp_46_1_0_10_fu_1068_p2     |   icmp   |      0|  0|  13|          16|          16|
    |tmp_46_1_0_11_fu_1074_p2     |   icmp   |      0|  0|  13|          16|          16|
    |tmp_46_1_0_1_fu_1008_p2      |   icmp   |      0|  0|  13|          16|          16|
    |tmp_46_1_0_2_fu_1014_p2      |   icmp   |      0|  0|  13|          16|          16|
    |tmp_46_1_0_3_fu_1020_p2      |   icmp   |      0|  0|  13|          16|          16|
    |tmp_46_1_0_4_fu_1026_p2      |   icmp   |      0|  0|  13|          16|          16|
    |tmp_46_1_0_5_fu_1032_p2      |   icmp   |      0|  0|  13|          16|          16|
    |tmp_46_1_0_6_fu_1038_p2      |   icmp   |      0|  0|  13|          16|          16|
    |tmp_46_1_0_7_fu_1044_p2      |   icmp   |      0|  0|  13|          16|          16|
    |tmp_46_1_0_8_fu_1050_p2      |   icmp   |      0|  0|  13|          16|          16|
    |tmp_46_1_0_9_fu_1056_p2      |   icmp   |      0|  0|  13|          16|          16|
    |tmp_46_1_0_s_fu_1062_p2      |   icmp   |      0|  0|  13|          16|          16|
    |tmp_46_1_10_1_fu_1590_p2     |   icmp   |      0|  0|  13|          16|          16|
    |tmp_46_1_10_s_fu_1584_p2     |   icmp   |      0|  0|  13|          16|          16|
    |tmp_46_1_1_10_fu_1158_p2     |   icmp   |      0|  0|  13|          16|          16|
    |tmp_46_1_1_1_fu_1152_p2      |   icmp   |      0|  0|  13|          16|          16|
    |tmp_46_1_1_2_fu_1098_p2      |   icmp   |      0|  0|  13|          16|          16|
    |tmp_46_1_1_3_fu_1104_p2      |   icmp   |      0|  0|  13|          16|          16|
    |tmp_46_1_1_4_fu_1110_p2      |   icmp   |      0|  0|  13|          16|          16|
    |tmp_46_1_1_5_fu_1116_p2      |   icmp   |      0|  0|  13|          16|          16|
    |tmp_46_1_1_6_fu_1122_p2      |   icmp   |      0|  0|  13|          16|          16|
    |tmp_46_1_1_7_fu_1128_p2      |   icmp   |      0|  0|  13|          16|          16|
    |tmp_46_1_1_8_fu_1134_p2      |   icmp   |      0|  0|  13|          16|          16|
    |tmp_46_1_1_9_fu_1140_p2      |   icmp   |      0|  0|  13|          16|          16|
    |tmp_46_1_1_s_fu_1146_p2      |   icmp   |      0|  0|  13|          16|          16|
    |tmp_46_1_2_1_fu_1224_p2      |   icmp   |      0|  0|  13|          16|          16|
    |tmp_46_1_2_2_fu_1230_p2      |   icmp   |      0|  0|  13|          16|          16|
    |tmp_46_1_2_3_fu_1176_p2      |   icmp   |      0|  0|  13|          16|          16|
    |tmp_46_1_2_4_fu_1182_p2      |   icmp   |      0|  0|  13|          16|          16|
    |tmp_46_1_2_5_fu_1188_p2      |   icmp   |      0|  0|  13|          16|          16|
    |tmp_46_1_2_6_fu_1194_p2      |   icmp   |      0|  0|  13|          16|          16|
    |tmp_46_1_2_7_fu_1200_p2      |   icmp   |      0|  0|  13|          16|          16|
    |tmp_46_1_2_8_fu_1206_p2      |   icmp   |      0|  0|  13|          16|          16|
    |tmp_46_1_2_9_fu_1212_p2      |   icmp   |      0|  0|  13|          16|          16|
    |tmp_46_1_2_s_fu_1218_p2      |   icmp   |      0|  0|  13|          16|          16|
    |tmp_46_1_3_1_fu_1290_p2      |   icmp   |      0|  0|  13|          16|          16|
    |tmp_46_1_3_2_fu_1296_p2      |   icmp   |      0|  0|  13|          16|          16|
    |tmp_46_1_3_4_fu_1248_p2      |   icmp   |      0|  0|  13|          16|          16|
    |tmp_46_1_3_5_fu_1254_p2      |   icmp   |      0|  0|  13|          16|          16|
    |tmp_46_1_3_6_fu_1260_p2      |   icmp   |      0|  0|  13|          16|          16|
    |tmp_46_1_3_7_fu_1266_p2      |   icmp   |      0|  0|  13|          16|          16|
    |tmp_46_1_3_8_fu_1272_p2      |   icmp   |      0|  0|  13|          16|          16|
    |tmp_46_1_3_9_fu_1278_p2      |   icmp   |      0|  0|  13|          16|          16|
    |tmp_46_1_3_s_fu_1284_p2      |   icmp   |      0|  0|  13|          16|          16|
    |tmp_46_1_4_1_fu_1350_p2      |   icmp   |      0|  0|  13|          16|          16|
    |tmp_46_1_4_2_fu_1356_p2      |   icmp   |      0|  0|  13|          16|          16|
    |tmp_46_1_4_5_fu_1314_p2      |   icmp   |      0|  0|  13|          16|          16|
    |tmp_46_1_4_6_fu_1320_p2      |   icmp   |      0|  0|  13|          16|          16|
    |tmp_46_1_4_7_fu_1326_p2      |   icmp   |      0|  0|  13|          16|          16|
    |tmp_46_1_4_8_fu_1332_p2      |   icmp   |      0|  0|  13|          16|          16|
    |tmp_46_1_4_9_fu_1338_p2      |   icmp   |      0|  0|  13|          16|          16|
    |tmp_46_1_4_s_fu_1344_p2      |   icmp   |      0|  0|  13|          16|          16|
    |tmp_46_1_5_1_fu_1404_p2      |   icmp   |      0|  0|  13|          16|          16|
    |tmp_46_1_5_2_fu_1410_p2      |   icmp   |      0|  0|  13|          16|          16|
    |tmp_46_1_5_6_fu_1374_p2      |   icmp   |      0|  0|  13|          16|          16|
    |tmp_46_1_5_7_fu_1380_p2      |   icmp   |      0|  0|  13|          16|          16|
    |tmp_46_1_5_8_fu_1386_p2      |   icmp   |      0|  0|  13|          16|          16|
    |tmp_46_1_5_9_fu_1392_p2      |   icmp   |      0|  0|  13|          16|          16|
    |tmp_46_1_5_s_fu_1398_p2      |   icmp   |      0|  0|  13|          16|          16|
    |tmp_46_1_6_1_fu_1452_p2      |   icmp   |      0|  0|  13|          16|          16|
    |tmp_46_1_6_2_fu_1458_p2      |   icmp   |      0|  0|  13|          16|          16|
    |tmp_46_1_6_7_fu_1428_p2      |   icmp   |      0|  0|  13|          16|          16|
    |tmp_46_1_6_8_fu_1434_p2      |   icmp   |      0|  0|  13|          16|          16|
    |tmp_46_1_6_9_fu_1440_p2      |   icmp   |      0|  0|  13|          16|          16|
    |tmp_46_1_6_s_fu_1446_p2      |   icmp   |      0|  0|  13|          16|          16|
    |tmp_46_1_7_1_fu_1494_p2      |   icmp   |      0|  0|  13|          16|          16|
    |tmp_46_1_7_2_fu_1500_p2      |   icmp   |      0|  0|  13|          16|          16|
    |tmp_46_1_7_8_fu_1476_p2      |   icmp   |      0|  0|  13|          16|          16|
    |tmp_46_1_7_9_fu_1482_p2      |   icmp   |      0|  0|  13|          16|          16|
    |tmp_46_1_7_s_fu_1488_p2      |   icmp   |      0|  0|  13|          16|          16|
    |tmp_46_1_8_1_fu_1530_p2      |   icmp   |      0|  0|  13|          16|          16|
    |tmp_46_1_8_2_fu_1536_p2      |   icmp   |      0|  0|  13|          16|          16|
    |tmp_46_1_8_9_fu_1518_p2      |   icmp   |      0|  0|  13|          16|          16|
    |tmp_46_1_8_s_fu_1524_p2      |   icmp   |      0|  0|  13|          16|          16|
    |tmp_46_1_9_1_fu_1560_p2      |   icmp   |      0|  0|  13|          16|          16|
    |tmp_46_1_9_2_fu_1566_p2      |   icmp   |      0|  0|  13|          16|          16|
    |tmp_46_1_9_s_fu_1554_p2      |   icmp   |      0|  0|  13|          16|          16|
    |or_cond11_fu_1781_p2         |    or    |      0|  0|   2|           1|           1|
    |or_cond23_fu_1869_p2         |    or    |      0|  0|   2|           1|           1|
    |or_cond29_fu_2033_p2         |    or    |      0|  0|   2|           1|           1|
    |or_cond31_fu_2115_p2         |    or    |      0|  0|   2|           1|           1|
    |or_cond33_fu_2197_p2         |    or    |      0|  0|   2|           1|           1|
    |or_cond35_fu_2279_p2         |    or    |      0|  0|   2|           1|           1|
    |or_cond37_fu_2361_p2         |    or    |      0|  0|   2|           1|           1|
    |or_cond39_fu_2443_p2         |    or    |      0|  0|   2|           1|           1|
    |or_cond41_fu_2525_p2         |    or    |      0|  0|   2|           1|           1|
    |or_cond43_fu_2608_p2         |    or    |      0|  0|   2|           1|           1|
    |or_cond44_fu_2899_p2         |    or    |      0|  0|   2|           1|           1|
    |or_cond45_fu_2995_p2         |    or    |      0|  0|   2|           1|           1|
    |or_cond47_fu_3085_p2         |    or    |      0|  0|   2|           1|           1|
    |or_cond49_fu_3175_p2         |    or    |      0|  0|   2|           1|           1|
    |or_cond51_fu_3265_p2         |    or    |      0|  0|   2|           1|           1|
    |or_cond53_fu_3355_p2         |    or    |      0|  0|   2|           1|           1|
    |or_cond55_fu_3445_p2         |    or    |      0|  0|   2|           1|           1|
    |or_cond57_fu_3535_p2         |    or    |      0|  0|   2|           1|           1|
    |or_cond59_fu_3625_p2         |    or    |      0|  0|   2|           1|           1|
    |or_cond61_fu_3715_p2         |    or    |      0|  0|   2|           1|           1|
    |or_cond63_fu_3806_p2         |    or    |      0|  0|   2|           1|           1|
    |or_cond_fu_1951_p2           |    or    |      0|  0|   2|           1|           1|
    |tmp101_fu_2516_p2            |    or    |      0|  0|   2|           1|           1|
    |tmp102_fu_2521_p2            |    or    |      0|  0|   2|           1|           1|
    |tmp10_fu_1761_p2             |    or    |      0|  0|   2|           1|           1|
    |tmp112_fu_2603_p2            |    or    |      0|  0|   2|           1|           1|
    |tmp11_fu_1765_p2             |    or    |      0|  0|   2|           1|           1|
    |tmp12_fu_1834_p2             |    or    |      0|  0|   2|           1|           1|
    |tmp13_fu_1819_p2             |    or    |      0|  0|   2|           1|           1|
    |tmp148_fu_2845_p2            |    or    |      0|  0|   2|           1|           1|
    |tmp149_fu_2864_p2            |    or    |      0|  0|   2|           1|           1|
    |tmp14_fu_1814_p2             |    or    |      0|  0|   2|           1|           1|
    |tmp150_fu_2849_p2            |    or    |      0|  0|   2|           1|           1|
    |tmp151_fu_2855_p2            |    or    |      0|  0|   2|           1|           1|
    |tmp152_fu_2859_p2            |    or    |      0|  0|   2|           1|           1|
    |tmp153_fu_2870_p2            |    or    |      0|  0|   2|           1|           1|
    |tmp154_fu_2893_p2            |    or    |      0|  0|   2|           1|           1|
    |tmp155_fu_2874_p2            |    or    |      0|  0|   2|           1|           1|
    |tmp156_fu_2879_p2            |    or    |      0|  0|   2|           1|           1|
    |tmp157_fu_2887_p2            |    or    |      0|  0|   2|           1|           1|
    |tmp158_fu_2883_p2            |    or    |      0|  0|   2|           1|           1|
    |tmp159_fu_2940_p2            |    or    |      0|  0|   2|           1|           1|
    |tmp15_fu_1829_p2             |    or    |      0|  0|   2|           1|           1|
    |tmp160_fu_2960_p2            |    or    |      0|  0|   2|           1|           1|
    |tmp161_fu_2945_p2            |    or    |      0|  0|   2|           1|           1|
    |tmp162_fu_2951_p2            |    or    |      0|  0|   2|           1|           1|
    |tmp163_fu_2955_p2            |    or    |      0|  0|   2|           1|           1|
    |tmp164_fu_2966_p2            |    or    |      0|  0|   2|           1|           1|
    |tmp165_fu_2989_p2            |    or    |      0|  0|   2|           1|           1|
    |tmp166_fu_2970_p2            |    or    |      0|  0|   2|           1|           1|
    |tmp167_fu_2975_p2            |    or    |      0|  0|   2|           1|           1|
    |tmp168_fu_2983_p2            |    or    |      0|  0|   2|           1|           1|
    |tmp169_fu_2979_p2            |    or    |      0|  0|   2|           1|           1|
    |tmp16_fu_1825_p2             |    or    |      0|  0|   2|           1|           1|
    |tmp171_fu_3041_p2            |    or    |      0|  0|   2|           1|           1|
    |tmp172_fu_3055_p2            |    or    |      0|  0|   2|           1|           1|
    |tmp173_fu_3046_p2            |    or    |      0|  0|   2|           1|           1|
    |tmp174_fu_3050_p2            |    or    |      0|  0|   2|           1|           1|
    |tmp175_fu_3061_p2            |    or    |      0|  0|   2|           1|           1|
    |tmp176_fu_3079_p2            |    or    |      0|  0|   2|           1|           1|
    |tmp177_fu_3065_p2            |    or    |      0|  0|   2|           1|           1|
    |tmp178_fu_3070_p2            |    or    |      0|  0|   2|           1|           1|
    |tmp179_fu_3074_p2            |    or    |      0|  0|   2|           1|           1|
    |tmp17_fu_1863_p2             |    or    |      0|  0|   2|           1|           1|
    |tmp182_fu_3136_p2            |    or    |      0|  0|   2|           1|           1|
    |tmp183_fu_3150_p2            |    or    |      0|  0|   2|           1|           1|
    |tmp184_fu_3141_p2            |    or    |      0|  0|   2|           1|           1|
    |tmp185_fu_3145_p2            |    or    |      0|  0|   2|           1|           1|
    |tmp186_fu_3156_p2            |    or    |      0|  0|   2|           1|           1|
    |tmp187_fu_3169_p2            |    or    |      0|  0|   2|           1|           1|
    |tmp188_fu_3160_p2            |    or    |      0|  0|   2|           1|           1|
    |tmp189_fu_3164_p2            |    or    |      0|  0|   2|           1|           1|
    |tmp18_fu_1844_p2             |    or    |      0|  0|   2|           1|           1|
    |tmp193_fu_3231_p2            |    or    |      0|  0|   2|           1|           1|
    |tmp194_fu_3240_p2            |    or    |      0|  0|   2|           1|           1|
    |tmp195_fu_3236_p2            |    or    |      0|  0|   2|           1|           1|
    |tmp196_fu_3246_p2            |    or    |      0|  0|   2|           1|           1|
    |tmp197_fu_3259_p2            |    or    |      0|  0|   2|           1|           1|
    |tmp198_fu_3250_p2            |    or    |      0|  0|   2|           1|           1|
    |tmp199_fu_3254_p2            |    or    |      0|  0|   2|           1|           1|
    |tmp19_fu_1840_p2             |    or    |      0|  0|   2|           1|           1|
    |tmp1_fu_1746_p2              |    or    |      0|  0|   2|           1|           1|
    |tmp204_fu_3326_p2            |    or    |      0|  0|   2|           1|           1|
    |tmp205_fu_3335_p2            |    or    |      0|  0|   2|           1|           1|
    |tmp206_fu_3331_p2            |    or    |      0|  0|   2|           1|           1|
    |tmp207_fu_3341_p2            |    or    |      0|  0|   2|           1|           1|
    |tmp208_fu_3349_p2            |    or    |      0|  0|   2|           1|           1|
    |tmp209_fu_3345_p2            |    or    |      0|  0|   2|           1|           1|
    |tmp20_fu_1857_p2             |    or    |      0|  0|   2|           1|           1|
    |tmp215_fu_3421_p2            |    or    |      0|  0|   2|           1|           1|
    |tmp216_fu_3426_p2            |    or    |      0|  0|   2|           1|           1|
    |tmp217_fu_3431_p2            |    or    |      0|  0|   2|           1|           1|
    |tmp218_fu_3439_p2            |    or    |      0|  0|   2|           1|           1|
    |tmp219_fu_3435_p2            |    or    |      0|  0|   2|           1|           1|
    |tmp21_fu_1849_p2             |    or    |      0|  0|   2|           1|           1|
    |tmp226_fu_3516_p2            |    or    |      0|  0|   2|           1|           1|
    |tmp227_fu_3521_p2            |    or    |      0|  0|   2|           1|           1|
    |tmp228_fu_3526_p2            |    or    |      0|  0|   2|           1|           1|
    |tmp229_fu_3530_p2            |    or    |      0|  0|   2|           1|           1|
    |tmp22_fu_1853_p2             |    or    |      0|  0|   2|           1|           1|
    |tmp237_fu_3611_p2            |    or    |      0|  0|   2|           1|           1|
    |tmp238_fu_3616_p2            |    or    |      0|  0|   2|           1|           1|
    |tmp239_fu_3620_p2            |    or    |      0|  0|   2|           1|           1|
    |tmp248_fu_3706_p2            |    or    |      0|  0|   2|           1|           1|
    |tmp249_fu_3711_p2            |    or    |      0|  0|   2|           1|           1|
    |tmp24_fu_1921_p2             |    or    |      0|  0|   2|           1|           1|
    |tmp259_fu_3801_p2            |    or    |      0|  0|   2|           1|           1|
    |tmp25_fu_1907_p2             |    or    |      0|  0|   2|           1|           1|
    |tmp26_fu_1916_p2             |    or    |      0|  0|   2|           1|           1|
    |tmp27_fu_1912_p2             |    or    |      0|  0|   2|           1|           1|
    |tmp28_fu_1945_p2             |    or    |      0|  0|   2|           1|           1|
    |tmp29_fu_1931_p2             |    or    |      0|  0|   2|           1|           1|
    |tmp2_fu_1731_p2              |    or    |      0|  0|   2|           1|           1|
    |tmp30_fu_1927_p2             |    or    |      0|  0|   2|           1|           1|
    |tmp31_fu_1940_p2             |    or    |      0|  0|   2|           1|           1|
    |tmp32_fu_1936_p2             |    or    |      0|  0|   2|           1|           1|
    |tmp35_fu_2008_p2             |    or    |      0|  0|   2|           1|           1|
    |tmp36_fu_1994_p2             |    or    |      0|  0|   2|           1|           1|
    |tmp37_fu_2003_p2             |    or    |      0|  0|   2|           1|           1|
    |tmp38_fu_1999_p2             |    or    |      0|  0|   2|           1|           1|
    |tmp39_fu_2027_p2             |    or    |      0|  0|   2|           1|           1|
    |tmp3_fu_1727_p2              |    or    |      0|  0|   2|           1|           1|
    |tmp40_fu_2014_p2             |    or    |      0|  0|   2|           1|           1|
    |tmp41_fu_2022_p2             |    or    |      0|  0|   2|           1|           1|
    |tmp42_fu_2018_p2             |    or    |      0|  0|   2|           1|           1|
    |tmp46_fu_2090_p2             |    or    |      0|  0|   2|           1|           1|
    |tmp47_fu_2081_p2             |    or    |      0|  0|   2|           1|           1|
    |tmp48_fu_2086_p2             |    or    |      0|  0|   2|           1|           1|
    |tmp49_fu_2109_p2             |    or    |      0|  0|   2|           1|           1|
    |tmp4_fu_1741_p2              |    or    |      0|  0|   2|           1|           1|
    |tmp50_fu_2096_p2             |    or    |      0|  0|   2|           1|           1|
    |tmp51_fu_2104_p2             |    or    |      0|  0|   2|           1|           1|
    |tmp52_fu_2100_p2             |    or    |      0|  0|   2|           1|           1|
    |tmp57_fu_2177_p2             |    or    |      0|  0|   2|           1|           1|
    |tmp58_fu_2168_p2             |    or    |      0|  0|   2|           1|           1|
    |tmp59_fu_2173_p2             |    or    |      0|  0|   2|           1|           1|
    |tmp5_fu_1737_p2              |    or    |      0|  0|   2|           1|           1|
    |tmp60_fu_2191_p2             |    or    |      0|  0|   2|           1|           1|
    |tmp61_fu_2183_p2             |    or    |      0|  0|   2|           1|           1|
    |tmp62_fu_2187_p2             |    or    |      0|  0|   2|           1|           1|
    |tmp68_fu_2260_p2             |    or    |      0|  0|   2|           1|           1|
    |tmp69_fu_2255_p2             |    or    |      0|  0|   2|           1|           1|
    |tmp6_fu_1775_p2              |    or    |      0|  0|   2|           1|           1|
    |tmp70_fu_2273_p2             |    or    |      0|  0|   2|           1|           1|
    |tmp71_fu_2265_p2             |    or    |      0|  0|   2|           1|           1|
    |tmp72_fu_2269_p2             |    or    |      0|  0|   2|           1|           1|
    |tmp79_fu_2347_p2             |    or    |      0|  0|   2|           1|           1|
    |tmp7_fu_1756_p2              |    or    |      0|  0|   2|           1|           1|
    |tmp80_fu_2342_p2             |    or    |      0|  0|   2|           1|           1|
    |tmp81_fu_2356_p2             |    or    |      0|  0|   2|           1|           1|
    |tmp82_fu_2352_p2             |    or    |      0|  0|   2|           1|           1|
    |tmp8_fu_1752_p2              |    or    |      0|  0|   2|           1|           1|
    |tmp90_fu_2429_p2             |    or    |      0|  0|   2|           1|           1|
    |tmp91_fu_2438_p2             |    or    |      0|  0|   2|           1|           1|
    |tmp92_fu_2434_p2             |    or    |      0|  0|   2|           1|           1|
    |tmp9_fu_1769_p2              |    or    |      0|  0|   2|           1|           1|
    |not_or_cond10_fu_2618_p2     |    xor   |      0|  0|   2|           1|           2|
    |not_or_cond11_fu_2910_p2     |    xor   |      0|  0|   2|           1|           2|
    |not_or_cond12_fu_3006_p2     |    xor   |      0|  0|   2|           1|           2|
    |not_or_cond13_fu_3096_p2     |    xor   |      0|  0|   2|           1|           2|
    |not_or_cond14_fu_3186_p2     |    xor   |      0|  0|   2|           1|           2|
    |not_or_cond15_fu_3276_p2     |    xor   |      0|  0|   2|           1|           2|
    |not_or_cond16_fu_3366_p2     |    xor   |      0|  0|   2|           1|           2|
    |not_or_cond17_fu_3456_p2     |    xor   |      0|  0|   2|           1|           2|
    |not_or_cond18_fu_3546_p2     |    xor   |      0|  0|   2|           1|           2|
    |not_or_cond19_fu_3636_p2     |    xor   |      0|  0|   2|           1|           2|
    |not_or_cond1_fu_1880_p2      |    xor   |      0|  0|   2|           1|           2|
    |not_or_cond20_fu_3726_p2     |    xor   |      0|  0|   2|           1|           2|
    |not_or_cond21_fu_3816_p2     |    xor   |      0|  0|   2|           1|           2|
    |not_or_cond2_fu_1962_p2      |    xor   |      0|  0|   2|           1|           2|
    |not_or_cond3_fu_2044_p2      |    xor   |      0|  0|   2|           1|           2|
    |not_or_cond4_fu_2126_p2      |    xor   |      0|  0|   2|           1|           2|
    |not_or_cond5_fu_2208_p2      |    xor   |      0|  0|   2|           1|           2|
    |not_or_cond6_fu_2290_p2      |    xor   |      0|  0|   2|           1|           2|
    |not_or_cond7_fu_2372_p2      |    xor   |      0|  0|   2|           1|           2|
    |not_or_cond8_fu_2454_p2      |    xor   |      0|  0|   2|           1|           2|
    |not_or_cond9_fu_2536_p2      |    xor   |      0|  0|   2|           1|           2|
    |not_or_cond_fu_1792_p2       |    xor   |      0|  0|   2|           1|           2|
    |or_cond103_not_fu_2423_p2    |    xor   |      0|  0|   2|           1|           2|
    |or_cond116_not_fu_2510_p2    |    xor   |      0|  0|   2|           1|           2|
    |or_cond129_not_fu_2597_p2    |    xor   |      0|  0|   2|           1|           2|
    |or_cond193_not_fu_3035_p2    |    xor   |      0|  0|   2|           1|           2|
    |or_cond206_not_fu_3130_p2    |    xor   |      0|  0|   2|           1|           2|
    |or_cond219_not_fu_3225_p2    |    xor   |      0|  0|   2|           1|           2|
    |or_cond232_not_fu_3320_p2    |    xor   |      0|  0|   2|           1|           2|
    |or_cond245_not_fu_3415_p2    |    xor   |      0|  0|   2|           1|           2|
    |or_cond258_not_fu_3510_p2    |    xor   |      0|  0|   2|           1|           2|
    |or_cond25_not_fu_1901_p2     |    xor   |      0|  0|   2|           1|           2|
    |or_cond271_not_fu_3605_p2    |    xor   |      0|  0|   2|           1|           2|
    |or_cond284_not_fu_3700_p2    |    xor   |      0|  0|   2|           1|           2|
    |or_cond297_not_fu_3795_p2    |    xor   |      0|  0|   2|           1|           2|
    |or_cond38_not_fu_1988_p2     |    xor   |      0|  0|   2|           1|           2|
    |or_cond51_not_fu_2075_p2     |    xor   |      0|  0|   2|           1|           2|
    |or_cond64_not_fu_2162_p2     |    xor   |      0|  0|   2|           1|           2|
    |or_cond77_not_fu_2249_p2     |    xor   |      0|  0|   2|           1|           2|
    |or_cond90_not_fu_2336_p2     |    xor   |      0|  0|   2|           1|           2|
    |rev10_fu_2367_p2             |    xor   |      0|  0|   2|           1|           2|
    |rev11_fu_2449_p2             |    xor   |      0|  0|   2|           1|           2|
    |rev12_fu_2531_p2             |    xor   |      0|  0|   2|           1|           2|
    |rev13_fu_2613_p2             |    xor   |      0|  0|   2|           1|           2|
    |rev14_fu_2630_p2             |    xor   |      0|  0|   2|           1|           2|
    |rev15_fu_2635_p2             |    xor   |      0|  0|   2|           1|           2|
    |rev16_fu_2706_p2             |    xor   |      0|  0|   2|           1|           2|
    |rev17_fu_2840_p2             |    xor   |      0|  0|   2|           1|           2|
    |rev18_fu_2905_p2             |    xor   |      0|  0|   2|           1|           2|
    |rev19_fu_2930_p2             |    xor   |      0|  0|   2|           1|           2|
    |rev1_fu_1787_p2              |    xor   |      0|  0|   2|           1|           2|
    |rev20_fu_2935_p2             |    xor   |      0|  0|   2|           1|           2|
    |rev21_fu_3001_p2             |    xor   |      0|  0|   2|           1|           2|
    |rev22_fu_3091_p2             |    xor   |      0|  0|   2|           1|           2|
    |rev23_fu_3181_p2             |    xor   |      0|  0|   2|           1|           2|
    |rev24_fu_3271_p2             |    xor   |      0|  0|   2|           1|           2|
    |rev25_fu_3361_p2             |    xor   |      0|  0|   2|           1|           2|
    |rev26_fu_3451_p2             |    xor   |      0|  0|   2|           1|           2|
    |rev27_fu_3541_p2             |    xor   |      0|  0|   2|           1|           2|
    |rev28_fu_3631_p2             |    xor   |      0|  0|   2|           1|           2|
    |rev29_fu_3721_p2             |    xor   |      0|  0|   2|           1|           2|
    |rev2_fu_1804_p2              |    xor   |      0|  0|   2|           1|           2|
    |rev30_fu_3811_p2             |    xor   |      0|  0|   2|           1|           2|
    |rev31_fu_3836_p2             |    xor   |      0|  0|   2|           1|           2|
    |rev32_fu_3841_p2             |    xor   |      0|  0|   2|           1|           2|
    |rev33_fu_3920_p2             |    xor   |      0|  0|   2|           1|           2|
    |rev3_fu_1809_p2              |    xor   |      0|  0|   2|           1|           2|
    |rev4_fu_1875_p2              |    xor   |      0|  0|   2|           1|           2|
    |rev5_fu_1957_p2              |    xor   |      0|  0|   2|           1|           2|
    |rev6_fu_2039_p2              |    xor   |      0|  0|   2|           1|           2|
    |rev7_fu_2121_p2              |    xor   |      0|  0|   2|           1|           2|
    |rev8_fu_2203_p2              |    xor   |      0|  0|   2|           1|           2|
    |rev9_fu_2285_p2              |    xor   |      0|  0|   2|           1|           2|
    |rev_fu_1722_p2               |    xor   |      0|  0|   2|           1|           2|
    +-----------------------------+----------+-------+---+----+------------+------------+
    |Total                        |          |      0|  0|3996|        4278|        4352|
    +-----------------------------+----------+-------+---+----+------------+------------+

    * Multiplexer: 
    +-----------+----+-----------+-----+-----------+
    |    Name   | LUT| Input Size| Bits| Total Bits|
    +-----------+----+-----------+-----+-----------+
    |ap_NS_fsm  |  15|          3|    1|          3|
    +-----------+----+-----------+-----+-----------+
    |Total      |  15|          3|    1|          3|
    +-----------+----+-----------+-----+-----------+

    * Register: 
    +-------------------------+---+----+-----+-----------+
    |           Name          | FF| LUT| Bits| Const Bits|
    +-------------------------+---+----+-----+-----------+
    |ap_CS_fsm                |  2|   0|    2|          0|
    |link_0_10_reg_4745       |  1|   0|    1|          0|
    |link_0_11_reg_4760       |  1|   0|    1|          0|
    |link_0_1_reg_4730        |  1|   0|    1|          0|
    |link_0_2_reg_4316        |  1|   0|    1|          0|
    |link_0_3_reg_4386        |  1|   0|    1|          0|
    |link_0_4_reg_4450        |  1|   0|    1|          0|
    |link_0_5_reg_4508        |  1|   0|    1|          0|
    |link_0_6_reg_4560        |  1|   0|    1|          0|
    |link_0_7_reg_4606        |  1|   0|    1|          0|
    |link_0_8_reg_4646        |  1|   0|    1|          0|
    |link_0_9_reg_4680        |  1|   0|    1|          0|
    |link_0_s_reg_4708        |  1|   0|    1|          0|
    |link_12_10_reg_5421      |  1|   0|    1|          0|
    |link_12_11_reg_5436      |  1|   0|    1|          0|
    |link_12_1_reg_5406       |  1|   0|    1|          0|
    |link_12_2_reg_4992       |  1|   0|    1|          0|
    |link_12_3_reg_5062       |  1|   0|    1|          0|
    |link_12_4_reg_5126       |  1|   0|    1|          0|
    |link_12_5_reg_5184       |  1|   0|    1|          0|
    |link_12_6_reg_5236       |  1|   0|    1|          0|
    |link_12_7_reg_5282       |  1|   0|    1|          0|
    |link_12_8_reg_5322       |  1|   0|    1|          0|
    |link_12_9_reg_5356       |  1|   0|    1|          0|
    |link_12_s_reg_5384       |  1|   0|    1|          0|
    |slt10_reg_4641           |  1|   0|    1|          0|
    |slt11_reg_4675           |  1|   0|    1|          0|
    |slt12_reg_4703           |  1|   0|    1|          0|
    |slt13_reg_4725           |  1|   0|    1|          0|
    |slt14_reg_4735           |  1|   0|    1|          0|
    |slt15_reg_4740           |  1|   0|    1|          0|
    |slt16_reg_4755           |  1|   0|    1|          0|
    |slt17_reg_4830           |  1|   0|    1|          0|
    |slt18_reg_4906           |  1|   0|    1|          0|
    |slt19_reg_4911           |  1|   0|    1|          0|
    |slt1_reg_4230            |  1|   0|    1|          0|
    |slt20_reg_4916           |  1|   0|    1|          0|
    |slt21_reg_4987           |  1|   0|    1|          0|
    |slt22_reg_5057           |  1|   0|    1|          0|
    |slt23_reg_5121           |  1|   0|    1|          0|
    |slt24_reg_5179           |  1|   0|    1|          0|
    |slt25_reg_5231           |  1|   0|    1|          0|
    |slt26_reg_5277           |  1|   0|    1|          0|
    |slt27_reg_5317           |  1|   0|    1|          0|
    |slt28_reg_5351           |  1|   0|    1|          0|
    |slt29_reg_5379           |  1|   0|    1|          0|
    |slt2_reg_4235            |  1|   0|    1|          0|
    |slt30_reg_5401           |  1|   0|    1|          0|
    |slt31_reg_5411           |  1|   0|    1|          0|
    |slt32_reg_5416           |  1|   0|    1|          0|
    |slt33_reg_5431           |  1|   0|    1|          0|
    |slt3_reg_4240            |  1|   0|    1|          0|
    |slt4_reg_4311            |  1|   0|    1|          0|
    |slt5_reg_4381            |  1|   0|    1|          0|
    |slt6_reg_4445            |  1|   0|    1|          0|
    |slt7_reg_4503            |  1|   0|    1|          0|
    |slt8_reg_4555            |  1|   0|    1|          0|
    |slt9_reg_4601            |  1|   0|    1|          0|
    |slt_reg_4154             |  1|   0|    1|          0|
    |tmp_44_0_12_s_reg_4750   |  1|   0|    1|          0|
    |tmp_44_0_13_10_reg_4820  |  1|   0|    1|          0|
    |tmp_44_0_13_11_reg_4825  |  1|   0|    1|          0|
    |tmp_44_0_13_1_reg_4770   |  1|   0|    1|          0|
    |tmp_44_0_13_2_reg_4775   |  1|   0|    1|          0|
    |tmp_44_0_13_3_reg_4780   |  1|   0|    1|          0|
    |tmp_44_0_13_4_reg_4785   |  1|   0|    1|          0|
    |tmp_44_0_13_5_reg_4790   |  1|   0|    1|          0|
    |tmp_44_0_13_6_reg_4795   |  1|   0|    1|          0|
    |tmp_44_0_13_7_reg_4800   |  1|   0|    1|          0|
    |tmp_44_0_13_8_reg_4805   |  1|   0|    1|          0|
    |tmp_44_0_13_9_reg_4810   |  1|   0|    1|          0|
    |tmp_44_0_13_s_reg_4815   |  1|   0|    1|          0|
    |tmp_44_0_s_reg_4765      |  1|   0|    1|          0|
    |tmp_44_1_12_s_reg_5426   |  1|   0|    1|          0|
    |tmp_44_1_13_10_reg_5496  |  1|   0|    1|          0|
    |tmp_44_1_13_11_reg_5501  |  1|   0|    1|          0|
    |tmp_44_1_13_1_reg_5446   |  1|   0|    1|          0|
    |tmp_44_1_13_2_reg_5451   |  1|   0|    1|          0|
    |tmp_44_1_13_3_reg_5456   |  1|   0|    1|          0|
    |tmp_44_1_13_4_reg_5461   |  1|   0|    1|          0|
    |tmp_44_1_13_5_reg_5466   |  1|   0|    1|          0|
    |tmp_44_1_13_6_reg_5471   |  1|   0|    1|          0|
    |tmp_44_1_13_7_reg_5476   |  1|   0|    1|          0|
    |tmp_44_1_13_8_reg_5481   |  1|   0|    1|          0|
    |tmp_44_1_13_9_reg_5486   |  1|   0|    1|          0|
    |tmp_44_1_13_s_reg_5491   |  1|   0|    1|          0|
    |tmp_44_1_s_reg_5441      |  1|   0|    1|          0|
    |tmp_46_0_0_10_reg_4218   |  1|   0|    1|          0|
    |tmp_46_0_0_11_reg_4224   |  1|   0|    1|          0|
    |tmp_46_0_0_1_reg_4159    |  1|   0|    1|          0|
    |tmp_46_0_0_2_reg_4164    |  1|   0|    1|          0|
    |tmp_46_0_0_3_reg_4170    |  1|   0|    1|          0|
    |tmp_46_0_0_4_reg_4176    |  1|   0|    1|          0|
    |tmp_46_0_0_5_reg_4182    |  1|   0|    1|          0|
    |tmp_46_0_0_6_reg_4188    |  1|   0|    1|          0|
    |tmp_46_0_0_7_reg_4194    |  1|   0|    1|          0|
    |tmp_46_0_0_8_reg_4200    |  1|   0|    1|          0|
    |tmp_46_0_0_9_reg_4206    |  1|   0|    1|          0|
    |tmp_46_0_0_s_reg_4212    |  1|   0|    1|          0|
    |tmp_46_0_10_1_reg_4719   |  1|   0|    1|          0|
    |tmp_46_0_10_s_reg_4713   |  1|   0|    1|          0|
    |tmp_46_0_1_10_reg_4305   |  1|   0|    1|          0|
    |tmp_46_0_1_1_reg_4299    |  1|   0|    1|          0|
    |tmp_46_0_1_2_reg_4245    |  1|   0|    1|          0|
    |tmp_46_0_1_3_reg_4251    |  1|   0|    1|          0|
    |tmp_46_0_1_4_reg_4257    |  1|   0|    1|          0|
    |tmp_46_0_1_5_reg_4263    |  1|   0|    1|          0|
    |tmp_46_0_1_6_reg_4269    |  1|   0|    1|          0|
    |tmp_46_0_1_7_reg_4275    |  1|   0|    1|          0|
    |tmp_46_0_1_8_reg_4281    |  1|   0|    1|          0|
    |tmp_46_0_1_9_reg_4287    |  1|   0|    1|          0|
    |tmp_46_0_1_s_reg_4293    |  1|   0|    1|          0|
    |tmp_46_0_2_1_reg_4369    |  1|   0|    1|          0|
    |tmp_46_0_2_2_reg_4375    |  1|   0|    1|          0|
    |tmp_46_0_2_3_reg_4321    |  1|   0|    1|          0|
    |tmp_46_0_2_4_reg_4327    |  1|   0|    1|          0|
    |tmp_46_0_2_5_reg_4333    |  1|   0|    1|          0|
    |tmp_46_0_2_6_reg_4339    |  1|   0|    1|          0|
    |tmp_46_0_2_7_reg_4345    |  1|   0|    1|          0|
    |tmp_46_0_2_8_reg_4351    |  1|   0|    1|          0|
    |tmp_46_0_2_9_reg_4357    |  1|   0|    1|          0|
    |tmp_46_0_2_s_reg_4363    |  1|   0|    1|          0|
    |tmp_46_0_3_1_reg_4433    |  1|   0|    1|          0|
    |tmp_46_0_3_2_reg_4439    |  1|   0|    1|          0|
    |tmp_46_0_3_4_reg_4391    |  1|   0|    1|          0|
    |tmp_46_0_3_5_reg_4397    |  1|   0|    1|          0|
    |tmp_46_0_3_6_reg_4403    |  1|   0|    1|          0|
    |tmp_46_0_3_7_reg_4409    |  1|   0|    1|          0|
    |tmp_46_0_3_8_reg_4415    |  1|   0|    1|          0|
    |tmp_46_0_3_9_reg_4421    |  1|   0|    1|          0|
    |tmp_46_0_3_s_reg_4427    |  1|   0|    1|          0|
    |tmp_46_0_4_1_reg_4491    |  1|   0|    1|          0|
    |tmp_46_0_4_2_reg_4497    |  1|   0|    1|          0|
    |tmp_46_0_4_5_reg_4455    |  1|   0|    1|          0|
    |tmp_46_0_4_6_reg_4461    |  1|   0|    1|          0|
    |tmp_46_0_4_7_reg_4467    |  1|   0|    1|          0|
    |tmp_46_0_4_8_reg_4473    |  1|   0|    1|          0|
    |tmp_46_0_4_9_reg_4479    |  1|   0|    1|          0|
    |tmp_46_0_4_s_reg_4485    |  1|   0|    1|          0|
    |tmp_46_0_5_1_reg_4543    |  1|   0|    1|          0|
    |tmp_46_0_5_2_reg_4549    |  1|   0|    1|          0|
    |tmp_46_0_5_6_reg_4513    |  1|   0|    1|          0|
    |tmp_46_0_5_7_reg_4519    |  1|   0|    1|          0|
    |tmp_46_0_5_8_reg_4525    |  1|   0|    1|          0|
    |tmp_46_0_5_9_reg_4531    |  1|   0|    1|          0|
    |tmp_46_0_5_s_reg_4537    |  1|   0|    1|          0|
    |tmp_46_0_6_1_reg_4589    |  1|   0|    1|          0|
    |tmp_46_0_6_2_reg_4595    |  1|   0|    1|          0|
    |tmp_46_0_6_7_reg_4565    |  1|   0|    1|          0|
    |tmp_46_0_6_8_reg_4571    |  1|   0|    1|          0|
    |tmp_46_0_6_9_reg_4577    |  1|   0|    1|          0|
    |tmp_46_0_6_s_reg_4583    |  1|   0|    1|          0|
    |tmp_46_0_7_1_reg_4629    |  1|   0|    1|          0|
    |tmp_46_0_7_2_reg_4635    |  1|   0|    1|          0|
    |tmp_46_0_7_8_reg_4611    |  1|   0|    1|          0|
    |tmp_46_0_7_9_reg_4617    |  1|   0|    1|          0|
    |tmp_46_0_7_s_reg_4623    |  1|   0|    1|          0|
    |tmp_46_0_8_1_reg_4663    |  1|   0|    1|          0|
    |tmp_46_0_8_2_reg_4669    |  1|   0|    1|          0|
    |tmp_46_0_8_9_reg_4651    |  1|   0|    1|          0|
    |tmp_46_0_8_s_reg_4657    |  1|   0|    1|          0|
    |tmp_46_0_9_1_reg_4691    |  1|   0|    1|          0|
    |tmp_46_0_9_2_reg_4697    |  1|   0|    1|          0|
    |tmp_46_0_9_s_reg_4685    |  1|   0|    1|          0|
    |tmp_46_1_0_10_reg_4894   |  1|   0|    1|          0|
    |tmp_46_1_0_11_reg_4900   |  1|   0|    1|          0|
    |tmp_46_1_0_1_reg_4835    |  1|   0|    1|          0|
    |tmp_46_1_0_2_reg_4840    |  1|   0|    1|          0|
    |tmp_46_1_0_3_reg_4846    |  1|   0|    1|          0|
    |tmp_46_1_0_4_reg_4852    |  1|   0|    1|          0|
    |tmp_46_1_0_5_reg_4858    |  1|   0|    1|          0|
    |tmp_46_1_0_6_reg_4864    |  1|   0|    1|          0|
    |tmp_46_1_0_7_reg_4870    |  1|   0|    1|          0|
    |tmp_46_1_0_8_reg_4876    |  1|   0|    1|          0|
    |tmp_46_1_0_9_reg_4882    |  1|   0|    1|          0|
    |tmp_46_1_0_s_reg_4888    |  1|   0|    1|          0|
    |tmp_46_1_10_1_reg_5395   |  1|   0|    1|          0|
    |tmp_46_1_10_s_reg_5389   |  1|   0|    1|          0|
    |tmp_46_1_1_10_reg_4981   |  1|   0|    1|          0|
    |tmp_46_1_1_1_reg_4975    |  1|   0|    1|          0|
    |tmp_46_1_1_2_reg_4921    |  1|   0|    1|          0|
    |tmp_46_1_1_3_reg_4927    |  1|   0|    1|          0|
    |tmp_46_1_1_4_reg_4933    |  1|   0|    1|          0|
    |tmp_46_1_1_5_reg_4939    |  1|   0|    1|          0|
    |tmp_46_1_1_6_reg_4945    |  1|   0|    1|          0|
    |tmp_46_1_1_7_reg_4951    |  1|   0|    1|          0|
    |tmp_46_1_1_8_reg_4957    |  1|   0|    1|          0|
    |tmp_46_1_1_9_reg_4963    |  1|   0|    1|          0|
    |tmp_46_1_1_s_reg_4969    |  1|   0|    1|          0|
    |tmp_46_1_2_1_reg_5045    |  1|   0|    1|          0|
    |tmp_46_1_2_2_reg_5051    |  1|   0|    1|          0|
    |tmp_46_1_2_3_reg_4997    |  1|   0|    1|          0|
    |tmp_46_1_2_4_reg_5003    |  1|   0|    1|          0|
    |tmp_46_1_2_5_reg_5009    |  1|   0|    1|          0|
    |tmp_46_1_2_6_reg_5015    |  1|   0|    1|          0|
    |tmp_46_1_2_7_reg_5021    |  1|   0|    1|          0|
    |tmp_46_1_2_8_reg_5027    |  1|   0|    1|          0|
    |tmp_46_1_2_9_reg_5033    |  1|   0|    1|          0|
    |tmp_46_1_2_s_reg_5039    |  1|   0|    1|          0|
    |tmp_46_1_3_1_reg_5109    |  1|   0|    1|          0|
    |tmp_46_1_3_2_reg_5115    |  1|   0|    1|          0|
    |tmp_46_1_3_4_reg_5067    |  1|   0|    1|          0|
    |tmp_46_1_3_5_reg_5073    |  1|   0|    1|          0|
    |tmp_46_1_3_6_reg_5079    |  1|   0|    1|          0|
    |tmp_46_1_3_7_reg_5085    |  1|   0|    1|          0|
    |tmp_46_1_3_8_reg_5091    |  1|   0|    1|          0|
    |tmp_46_1_3_9_reg_5097    |  1|   0|    1|          0|
    |tmp_46_1_3_s_reg_5103    |  1|   0|    1|          0|
    |tmp_46_1_4_1_reg_5167    |  1|   0|    1|          0|
    |tmp_46_1_4_2_reg_5173    |  1|   0|    1|          0|
    |tmp_46_1_4_5_reg_5131    |  1|   0|    1|          0|
    |tmp_46_1_4_6_reg_5137    |  1|   0|    1|          0|
    |tmp_46_1_4_7_reg_5143    |  1|   0|    1|          0|
    |tmp_46_1_4_8_reg_5149    |  1|   0|    1|          0|
    |tmp_46_1_4_9_reg_5155    |  1|   0|    1|          0|
    |tmp_46_1_4_s_reg_5161    |  1|   0|    1|          0|
    |tmp_46_1_5_1_reg_5219    |  1|   0|    1|          0|
    |tmp_46_1_5_2_reg_5225    |  1|   0|    1|          0|
    |tmp_46_1_5_6_reg_5189    |  1|   0|    1|          0|
    |tmp_46_1_5_7_reg_5195    |  1|   0|    1|          0|
    |tmp_46_1_5_8_reg_5201    |  1|   0|    1|          0|
    |tmp_46_1_5_9_reg_5207    |  1|   0|    1|          0|
    |tmp_46_1_5_s_reg_5213    |  1|   0|    1|          0|
    |tmp_46_1_6_1_reg_5265    |  1|   0|    1|          0|
    |tmp_46_1_6_2_reg_5271    |  1|   0|    1|          0|
    |tmp_46_1_6_7_reg_5241    |  1|   0|    1|          0|
    |tmp_46_1_6_8_reg_5247    |  1|   0|    1|          0|
    |tmp_46_1_6_9_reg_5253    |  1|   0|    1|          0|
    |tmp_46_1_6_s_reg_5259    |  1|   0|    1|          0|
    |tmp_46_1_7_1_reg_5305    |  1|   0|    1|          0|
    |tmp_46_1_7_2_reg_5311    |  1|   0|    1|          0|
    |tmp_46_1_7_8_reg_5287    |  1|   0|    1|          0|
    |tmp_46_1_7_9_reg_5293    |  1|   0|    1|          0|
    |tmp_46_1_7_s_reg_5299    |  1|   0|    1|          0|
    |tmp_46_1_8_1_reg_5339    |  1|   0|    1|          0|
    |tmp_46_1_8_2_reg_5345    |  1|   0|    1|          0|
    |tmp_46_1_8_9_reg_5327    |  1|   0|    1|          0|
    |tmp_46_1_8_s_reg_5333    |  1|   0|    1|          0|
    |tmp_46_1_9_1_reg_5367    |  1|   0|    1|          0|
    |tmp_46_1_9_2_reg_5373    |  1|   0|    1|          0|
    |tmp_46_1_9_s_reg_5361    |  1|   0|    1|          0|
    +-------------------------+---+----+-----+-----------+
    |Total                    |242|   0|  242|          0|
    +-------------------------+---+----+-----+-----------+



================================================================
== Interface
================================================================
* Summary: 
+-----------------------------+-----+-----+------------+-----------------------------+--------------+
|          RTL Ports          | Dir | Bits|  Protocol  |        Source Object        |    C Type    |
+-----------------------------+-----+-----+------------+-----------------------------+--------------+
|ap_clk                       |  in |    1| ap_ctrl_hs |     spfph_mu2trk_linkste    | return value |
|ap_rst                       |  in |    1| ap_ctrl_hs |     spfph_mu2trk_linkste    | return value |
|ap_start                     |  in |    1| ap_ctrl_hs |     spfph_mu2trk_linkste    | return value |
|ap_done                      | out |    1| ap_ctrl_hs |     spfph_mu2trk_linkste    | return value |
|ap_idle                      | out |    1| ap_ctrl_hs |     spfph_mu2trk_linkste    | return value |
|ap_ready                     | out |    1| ap_ctrl_hs |     spfph_mu2trk_linkste    | return value |
|ap_return_0                  | out |    2| ap_ctrl_hs |     spfph_mu2trk_linkste    | return value |
|ap_return_1                  | out |    2| ap_ctrl_hs |     spfph_mu2trk_linkste    | return value |
|ap_return_2                  | out |    2| ap_ctrl_hs |     spfph_mu2trk_linkste    | return value |
|ap_return_3                  | out |    2| ap_ctrl_hs |     spfph_mu2trk_linkste    | return value |
|ap_return_4                  | out |    2| ap_ctrl_hs |     spfph_mu2trk_linkste    | return value |
|ap_return_5                  | out |    2| ap_ctrl_hs |     spfph_mu2trk_linkste    | return value |
|ap_return_6                  | out |    2| ap_ctrl_hs |     spfph_mu2trk_linkste    | return value |
|ap_return_7                  | out |    2| ap_ctrl_hs |     spfph_mu2trk_linkste    | return value |
|ap_return_8                  | out |    2| ap_ctrl_hs |     spfph_mu2trk_linkste    | return value |
|ap_return_9                  | out |    2| ap_ctrl_hs |     spfph_mu2trk_linkste    | return value |
|ap_return_10                 | out |    2| ap_ctrl_hs |     spfph_mu2trk_linkste    | return value |
|ap_return_11                 | out |    2| ap_ctrl_hs |     spfph_mu2trk_linkste    | return value |
|ap_return_12                 | out |    2| ap_ctrl_hs |     spfph_mu2trk_linkste    | return value |
|ap_return_13                 | out |    2| ap_ctrl_hs |     spfph_mu2trk_linkste    | return value |
|mu_0_hwPt_V_read             |  in |   16|   ap_none  |       mu_0_hwPt_V_read      |    scalar    |
|mu_1_hwPt_V_read             |  in |   16|   ap_none  |       mu_1_hwPt_V_read      |    scalar    |
|mu_track_dptval_0_0_V_read   |  in |   16|   ap_none  |  mu_track_dptval_0_0_V_read |    scalar    |
|mu_track_dptval_0_1_V_read   |  in |   16|   ap_none  |  mu_track_dptval_0_1_V_read |    scalar    |
|mu_track_dptval_0_2_V_read   |  in |   16|   ap_none  |  mu_track_dptval_0_2_V_read |    scalar    |
|mu_track_dptval_0_3_V_read   |  in |   16|   ap_none  |  mu_track_dptval_0_3_V_read |    scalar    |
|mu_track_dptval_0_4_V_read   |  in |   16|   ap_none  |  mu_track_dptval_0_4_V_read |    scalar    |
|mu_track_dptval_0_5_V_read   |  in |   16|   ap_none  |  mu_track_dptval_0_5_V_read |    scalar    |
|mu_track_dptval_0_6_V_read   |  in |   16|   ap_none  |  mu_track_dptval_0_6_V_read |    scalar    |
|mu_track_dptval_0_7_V_read   |  in |   16|   ap_none  |  mu_track_dptval_0_7_V_read |    scalar    |
|mu_track_dptval_0_8_V_read   |  in |   16|   ap_none  |  mu_track_dptval_0_8_V_read |    scalar    |
|mu_track_dptval_0_9_V_read   |  in |   16|   ap_none  |  mu_track_dptval_0_9_V_read |    scalar    |
|mu_track_dptval_0_10_V_read  |  in |   16|   ap_none  | mu_track_dptval_0_10_V_read |    scalar    |
|mu_track_dptval_0_11_V_read  |  in |   16|   ap_none  | mu_track_dptval_0_11_V_read |    scalar    |
|mu_track_dptval_0_12_V_read  |  in |   16|   ap_none  | mu_track_dptval_0_12_V_read |    scalar    |
|mu_track_dptval_0_13_V_read  |  in |   16|   ap_none  | mu_track_dptval_0_13_V_read |    scalar    |
|mu_track_dptval_1_0_V_read   |  in |   16|   ap_none  |  mu_track_dptval_1_0_V_read |    scalar    |
|mu_track_dptval_1_1_V_read   |  in |   16|   ap_none  |  mu_track_dptval_1_1_V_read |    scalar    |
|mu_track_dptval_1_2_V_read   |  in |   16|   ap_none  |  mu_track_dptval_1_2_V_read |    scalar    |
|mu_track_dptval_1_3_V_read   |  in |   16|   ap_none  |  mu_track_dptval_1_3_V_read |    scalar    |
|mu_track_dptval_1_4_V_read   |  in |   16|   ap_none  |  mu_track_dptval_1_4_V_read |    scalar    |
|mu_track_dptval_1_5_V_read   |  in |   16|   ap_none  |  mu_track_dptval_1_5_V_read |    scalar    |
|mu_track_dptval_1_6_V_read   |  in |   16|   ap_none  |  mu_track_dptval_1_6_V_read |    scalar    |
|mu_track_dptval_1_7_V_read   |  in |   16|   ap_none  |  mu_track_dptval_1_7_V_read |    scalar    |
|mu_track_dptval_1_8_V_read   |  in |   16|   ap_none  |  mu_track_dptval_1_8_V_read |    scalar    |
|mu_track_dptval_1_9_V_read   |  in |   16|   ap_none  |  mu_track_dptval_1_9_V_read |    scalar    |
|mu_track_dptval_1_10_V_read  |  in |   16|   ap_none  | mu_track_dptval_1_10_V_read |    scalar    |
|mu_track_dptval_1_11_V_read  |  in |   16|   ap_none  | mu_track_dptval_1_11_V_read |    scalar    |
|mu_track_dptval_1_12_V_read  |  in |   16|   ap_none  | mu_track_dptval_1_12_V_read |    scalar    |
|mu_track_dptval_1_13_V_read  |  in |   16|   ap_none  | mu_track_dptval_1_13_V_read |    scalar    |
+-----------------------------+-----+-----+------------+-----------------------------+--------------+

